Archive member included to satisfy reference by file (symbol)

c:/st/stm32cubeide_1.11.0/stm32cubeide/plugins/com.st.stm32cube.ide.mcu.externaltools.gnu-tools-for-stm32.10.3-2021.10.win32_1.0.100.202210260954/tools/bin/../lib/gcc/arm-none-eabi/10.3.1/../../../../arm-none-eabi/lib/thumb/v6-m/nofp\libc_nano.a(lib_a-errno.o)
                              ./Core/Src/syscalls.o (__errno)
c:/st/stm32cubeide_1.11.0/stm32cubeide/plugins/com.st.stm32cube.ide.mcu.externaltools.gnu-tools-for-stm32.10.3-2021.10.win32_1.0.100.202210260954/tools/bin/../lib/gcc/arm-none-eabi/10.3.1/../../../../arm-none-eabi/lib/thumb/v6-m/nofp\libc_nano.a(lib_a-exit.o)
                              c:/st/stm32cubeide_1.11.0/stm32cubeide/plugins/com.st.stm32cube.ide.mcu.externaltools.gnu-tools-for-stm32.10.3-2021.10.win32_1.0.100.202210260954/tools/bin/../lib/gcc/arm-none-eabi/10.3.1/../../../../arm-none-eabi/lib/thumb/v6-m/nofp/crt0.o (exit)
c:/st/stm32cubeide_1.11.0/stm32cubeide/plugins/com.st.stm32cube.ide.mcu.externaltools.gnu-tools-for-stm32.10.3-2021.10.win32_1.0.100.202210260954/tools/bin/../lib/gcc/arm-none-eabi/10.3.1/../../../../arm-none-eabi/lib/thumb/v6-m/nofp\libc_nano.a(lib_a-impure.o)
                              c:/st/stm32cubeide_1.11.0/stm32cubeide/plugins/com.st.stm32cube.ide.mcu.externaltools.gnu-tools-for-stm32.10.3-2021.10.win32_1.0.100.202210260954/tools/bin/../lib/gcc/arm-none-eabi/10.3.1/../../../../arm-none-eabi/lib/thumb/v6-m/nofp\libc_nano.a(lib_a-exit.o) (_global_impure_ptr)
c:/st/stm32cubeide_1.11.0/stm32cubeide/plugins/com.st.stm32cube.ide.mcu.externaltools.gnu-tools-for-stm32.10.3-2021.10.win32_1.0.100.202210260954/tools/bin/../lib/gcc/arm-none-eabi/10.3.1/../../../../arm-none-eabi/lib/thumb/v6-m/nofp\libc_nano.a(lib_a-init.o)
                              c:/st/stm32cubeide_1.11.0/stm32cubeide/plugins/com.st.stm32cube.ide.mcu.externaltools.gnu-tools-for-stm32.10.3-2021.10.win32_1.0.100.202210260954/tools/bin/../lib/gcc/arm-none-eabi/10.3.1/../../../../arm-none-eabi/lib/thumb/v6-m/nofp/crt0.o (__libc_init_array)
c:/st/stm32cubeide_1.11.0/stm32cubeide/plugins/com.st.stm32cube.ide.mcu.externaltools.gnu-tools-for-stm32.10.3-2021.10.win32_1.0.100.202210260954/tools/bin/../lib/gcc/arm-none-eabi/10.3.1/../../../../arm-none-eabi/lib/thumb/v6-m/nofp\libc_nano.a(lib_a-memcpy-stub.o)
                              ./Third Party/FreeRTOS/queue.o (memcpy)
c:/st/stm32cubeide_1.11.0/stm32cubeide/plugins/com.st.stm32cube.ide.mcu.externaltools.gnu-tools-for-stm32.10.3-2021.10.win32_1.0.100.202210260954/tools/bin/../lib/gcc/arm-none-eabi/10.3.1/../../../../arm-none-eabi/lib/thumb/v6-m/nofp\libc_nano.a(lib_a-memset.o)
                              c:/st/stm32cubeide_1.11.0/stm32cubeide/plugins/com.st.stm32cube.ide.mcu.externaltools.gnu-tools-for-stm32.10.3-2021.10.win32_1.0.100.202210260954/tools/bin/../lib/gcc/arm-none-eabi/10.3.1/../../../../arm-none-eabi/lib/thumb/v6-m/nofp/crt0.o (memset)
c:/st/stm32cubeide_1.11.0/stm32cubeide/plugins/com.st.stm32cube.ide.mcu.externaltools.gnu-tools-for-stm32.10.3-2021.10.win32_1.0.100.202210260954/tools/bin/../lib/gcc/arm-none-eabi/10.3.1/../../../../arm-none-eabi/lib/thumb/v6-m/nofp\libc_nano.a(lib_a-puts.o)
                              ./Core/Src/main.o (puts)
c:/st/stm32cubeide_1.11.0/stm32cubeide/plugins/com.st.stm32cube.ide.mcu.externaltools.gnu-tools-for-stm32.10.3-2021.10.win32_1.0.100.202210260954/tools/bin/../lib/gcc/arm-none-eabi/10.3.1/../../../../arm-none-eabi/lib/thumb/v6-m/nofp\libc_nano.a(lib_a-wbuf.o)
                              c:/st/stm32cubeide_1.11.0/stm32cubeide/plugins/com.st.stm32cube.ide.mcu.externaltools.gnu-tools-for-stm32.10.3-2021.10.win32_1.0.100.202210260954/tools/bin/../lib/gcc/arm-none-eabi/10.3.1/../../../../arm-none-eabi/lib/thumb/v6-m/nofp\libc_nano.a(lib_a-puts.o) (__swbuf_r)
c:/st/stm32cubeide_1.11.0/stm32cubeide/plugins/com.st.stm32cube.ide.mcu.externaltools.gnu-tools-for-stm32.10.3-2021.10.win32_1.0.100.202210260954/tools/bin/../lib/gcc/arm-none-eabi/10.3.1/../../../../arm-none-eabi/lib/thumb/v6-m/nofp\libc_nano.a(lib_a-wsetup.o)
                              c:/st/stm32cubeide_1.11.0/stm32cubeide/plugins/com.st.stm32cube.ide.mcu.externaltools.gnu-tools-for-stm32.10.3-2021.10.win32_1.0.100.202210260954/tools/bin/../lib/gcc/arm-none-eabi/10.3.1/../../../../arm-none-eabi/lib/thumb/v6-m/nofp\libc_nano.a(lib_a-puts.o) (__swsetup_r)
c:/st/stm32cubeide_1.11.0/stm32cubeide/plugins/com.st.stm32cube.ide.mcu.externaltools.gnu-tools-for-stm32.10.3-2021.10.win32_1.0.100.202210260954/tools/bin/../lib/gcc/arm-none-eabi/10.3.1/../../../../arm-none-eabi/lib/thumb/v6-m/nofp\libc_nano.a(lib_a-fflush.o)
                              c:/st/stm32cubeide_1.11.0/stm32cubeide/plugins/com.st.stm32cube.ide.mcu.externaltools.gnu-tools-for-stm32.10.3-2021.10.win32_1.0.100.202210260954/tools/bin/../lib/gcc/arm-none-eabi/10.3.1/../../../../arm-none-eabi/lib/thumb/v6-m/nofp\libc_nano.a(lib_a-wbuf.o) (_fflush_r)
[...]
Memory Configuration

Name             Origin             Length             Attributes
RAM              0x0000000020000000 0x0000000000005000 xrw
FLASH            0x0000000008000000 0x0000000000030000 xr
*default*        0x0000000000000000 0xffffffffffffffff

Linker script and memory map

LOAD c:/st/stm32cubeide_1.11.0/stm32cubeide/plugins/com.st.stm32cube.ide.mcu.externaltools.gnu-tools-for-stm32.10.3-2021.10.win32_1.0.100.202210260954/tools/bin/../lib/gcc/arm-none-eabi/10.3.1/thumb/v6-m/nofp/crti.o
LOAD c:/st/stm32cubeide_1.11.0/stm32cubeide/plugins/com.st.stm32cube.ide.mcu.externaltools.gnu-tools-for-stm32.10.3-2021.10.win32_1.0.100.202210260954/tools/bin/../lib/gcc/arm-none-eabi/10.3.1/thumb/v6-m/nofp/crtbegin.o
LOAD c:/st/stm32cubeide_1.11.0/stm32cubeide/plugins/com.st.stm32cube.ide.mcu.externaltools.gnu-tools-for-stm32.10.3-2021.10.win32_1.0.100.202210260954/tools/bin/../lib/gcc/arm-none-eabi/10.3.1/../../../../arm-none-eabi/lib/thumb/v6-m/nofp/crt0.o
LOAD ./Core/Src/main.o
LOAD ./Core/Src/stm32l0xx_hal_msp.o
LOAD ./Core/Src/stm32l0xx_hal_timebase_tim.o
LOAD ./Core/Src/stm32l0xx_it.o
LOAD ./Core/Src/syscalls.o
LOAD ./Core/Src/system_stm32l0xx.o
LOAD ./Core/Startup/startup_stm32l073rztx.o
LOAD ./Drivers/STM32L0xx_HAL_Driver/Src/stm32l0xx_hal.o
LOAD ./Drivers/STM32L0xx_HAL_Driver/Src/stm32l0xx_hal_cortex.o
LOAD ./Drivers/STM32L0xx_HAL_Driver/Src/stm32l0xx_hal_dma.o
LOAD ./Drivers/STM32L0xx_HAL_Driver/Src/stm32l0xx_hal_exti.o
LOAD ./Drivers/STM32L0xx_HAL_Driver/Src/stm32l0xx_hal_flash.o
LOAD ./Drivers/STM32L0xx_HAL_Driver/Src/stm32l0xx_hal_flash_ex.o
LOAD ./Drivers/STM32L0xx_HAL_Driver/Src/stm32l0xx_hal_flash_ramfunc.o
LOAD ./Drivers/STM32L0xx_HAL_Driver/Src/stm32l0xx_hal_gpio.o
LOAD ./Drivers/STM32L0xx_HAL_Driver/Src/stm32l0xx_hal_i2c.o
LOAD ./Drivers/STM32L0xx_HAL_Driver/Src/stm32l0xx_hal_i2c_ex.o
LOAD ./Drivers/STM32L0xx_HAL_Driver/Src/stm32l0xx_hal_pwr.o
LOAD ./Drivers/STM32L0xx_HAL_Driver/Src/stm32l0xx_hal_pwr_ex.o
LOAD ./Drivers/STM32L0xx_HAL_Driver/Src/stm32l0xx_hal_rcc.o
LOAD ./Drivers/STM32L0xx_HAL_Driver/Src/stm32l0xx_hal_rcc_ex.o
LOAD ./Drivers/STM32L0xx_HAL_Driver/Src/stm32l0xx_hal_tim.o
LOAD ./Drivers/STM32L0xx_HAL_Driver/Src/stm32l0xx_hal_tim_ex.o
LOAD ./Third Party/FreeRTOS/croutine.o
LOAD ./Third Party/FreeRTOS/event_groups.o
LOAD ./Third Party/FreeRTOS/list.o
LOAD ./Third Party/FreeRTOS/queue.o
LOAD ./Third Party/FreeRTOS/stream_buffer.o
LOAD ./Third Party/FreeRTOS/tasks.o
LOAD ./Third Party/FreeRTOS/timers.o
LOAD ./Third Party/FreeRTOS/portable/GCC/ARM_CM0/port.o
LOAD ./Third Party/FreeRTOS/portable/MemMang/heap_4.o
START GROUP
LOAD c:/st/stm32cubeide_1.11.0/stm32cubeide/plugins/com.st.stm32cube.ide.mcu.externaltools.gnu-tools-for-stm32.10.3-2021.10.win32_1.0.100.202210260954/tools/bin/../lib/gcc/arm-none-eabi/10.3.1/../../../../arm-none-eabi/lib/thumb/v6-m/nofp\libc_nano.a
LOAD c:/st/stm32cubeide_1.11.0/stm32cubeide/plugins/com.st.stm32cube.ide.mcu.externaltools.gnu-tools-for-stm32.10.3-2021.10.win32_1.0.100.202210260954/tools/bin/../lib/gcc/arm-none-eabi/10.3.1/../../../../arm-none-eabi/lib/thumb/v6-m/nofp\libm.a
END GROUP
START GROUP
LOAD c:/st/stm32cubeide_1.11.0/stm32cubeide/plugins/com.st.stm32cube.ide.mcu.externaltools.gnu-tools-for-stm32.10.3-2021.10.win32_1.0.100.202210260954/tools/bin/../lib/gcc/arm-none-eabi/10.3.1/thumb/v6-m/nofp\libgcc.a
LOAD c:/st/stm32cubeide_1.11.0/stm32cubeide/plugins/com.st.stm32cube.ide.mcu.externaltools.gnu-tools-for-stm32.10.3-2021.10.win32_1.0.100.202210260954/tools/bin/../lib/gcc/arm-none-eabi/10.3.1/../../../../arm-none-eabi/lib/thumb/v6-m/nofp\libc_nano.a
END GROUP
START GROUP
LOAD c:/st/stm32cubeide_1.11.0/stm32cubeide/plugins/com.st.stm32cube.ide.mcu.externaltools.gnu-tools-for-stm32.10.3-2021.10.win32_1.0.100.202210260954/tools/bin/../lib/gcc/arm-none-eabi/10.3.1/thumb/v6-m/nofp\libgcc.a
LOAD c:/st/stm32cubeide_1.11.0/stm32cubeide/plugins/com.st.stm32cube.ide.mcu.externaltools.gnu-tools-for-stm32.10.3-2021.10.win32_1.0.100.202210260954/tools/bin/../lib/gcc/arm-none-eabi/10.3.1/../../../../arm-none-eabi/lib/thumb/v6-m/nofp\libc_nano.a
LOAD c:/st/stm32cubeide_1.11.0/stm32cubeide/plugins/com.st.stm32cube.ide.mcu.externaltools.gnu-tools-for-stm32.10.3-2021.10.win32_1.0.100.202210260954/tools/bin/../lib/gcc/arm-none-eabi/10.3.1/../../../../arm-none-eabi/lib/thumb/v6-m/nofp\libnosys.a
END GROUP
START GROUP
LOAD c:/st/stm32cubeide_1.11.0/stm32cubeide/plugins/com.st.stm32cube.ide.mcu.externaltools.gnu-tools-for-stm32.10.3-2021.10.win32_1.0.100.202210260954/tools/bin/../lib/gcc/arm-none-eabi/10.3.1/thumb/v6-m/nofp\libgcc.a
LOAD c:/st/stm32cubeide_1.11.0/stm32cubeide/plugins/com.st.stm32cube.ide.mcu.externaltools.gnu-tools-for-stm32.10.3-2021.10.win32_1.0.100.202210260954/tools/bin/../lib/gcc/arm-none-eabi/10.3.1/../../../../arm-none-eabi/lib/thumb/v6-m/nofp\libc_nano.a
LOAD c:/st/stm32cubeide_1.11.0/stm32cubeide/plugins/com.st.stm32cube.ide.mcu.externaltools.gnu-tools-for-stm32.10.3-2021.10.win32_1.0.100.202210260954/tools/bin/../lib/gcc/arm-none-eabi/10.3.1/../../../../arm-none-eabi/lib/thumb/v6-m/nofp\libnosys.a
END GROUP
LOAD c:/st/stm32cubeide_1.11.0/stm32cubeide/plugins/com.st.stm32cube.ide.mcu.externaltools.gnu-tools-for-stm32.10.3-2021.10.win32_1.0.100.202210260954/tools/bin/../lib/gcc/arm-none-eabi/10.3.1/thumb/v6-m/nofp/crtend.o
LOAD c:/st/stm32cubeide_1.11.0/stm32cubeide/plugins/com.st.stm32cube.ide.mcu.externaltools.gnu-tools-for-stm32.10.3-2021.10.win32_1.0.100.202210260954/tools/bin/../lib/gcc/arm-none-eabi/10.3.1/thumb/v6-m/nofp/crtn.o
                0x0000000020005000                _estack = (ORIGIN (RAM) + LENGTH (RAM))
                0x0000000000000200                _Min_Heap_Size = 0x200
                0x0000000000000400                _Min_Stack_Size = 0x400

.isr_vector     0x0000000008000000       0xc0
                0x0000000008000000                . = ALIGN (0x4)
 *(.isr_vector)
 .isr_vector    0x0000000008000000       0xc0 ./Core/Startup/startup_stm32l073rztx.o
                0x0000000008000000                g_pfnVectors
                0x00000000080000c0                . = ALIGN (0x4)

.text           0x00000000080000c0     0x4824
                0x00000000080000c0                . = ALIGN (0x4)
 *(.text)
 .text          0x00000000080000c0       0x48 c:/st/stm32cubeide_1.11.0/stm32cubeide/plugins/com.st.stm32cube.ide.mcu.externaltools.gnu-tools-for-stm32.10.3-2021.10.win32_1.0.100.202210260954/tools/bin/../lib/gcc/arm-none-eabi/10.3.1/thumb/v6-m/nofp/crtbegin.o
 .text          0x0000000008000108      0x114 c:/st/stm32cubeide_1.11.0/stm32cubeide/plugins/com.st.stm32cube.ide.mcu.externaltools.gnu-tools-for-stm32.10.3-2021.10.win32_1.0.100.202210260954/tools/bin/../lib/gcc/arm-none-eabi/10.3.1/thumb/v6-m/nofp\libgcc.a(_udivsi3.o)
                0x0000000008000108                __aeabi_uidiv
                0x0000000008000108                __udivsi3
                0x0000000008000214                __aeabi_uidivmod
 .text          0x000000000800021c        0x4 c:/st/stm32cubeide_1.11.0/stm32cubeide/plugins/com.st.stm32cube.ide.mcu.externaltools.gnu-tools-for-stm32.10.3-2021.10.win32_1.0.100.202210260954/tools/bin/../lib/gcc/arm-none-eabi/10.3.1/thumb/v6-m/nofp\libgcc.a(_dvmd_tls.o)
                0x000000000800021c                __aeabi_idiv0
                0x000000000800021c                __aeabi_ldiv0
 .text          0x0000000008000220       0x40 c:/st/stm32cubeide_1.11.0/stm32cubeide/plugins/com.st.stm32cube.ide.mcu.externaltools.gnu-tools-for-stm32.10.3-2021.10.win32_1.0.100.202210260954/tools/bin/../lib/gcc/arm-none-eabi/10.3.1/thumb/v6-m/nofp\libgcc.a(_aeabi_uldivmod.o)
                0x0000000008000220                __aeabi_uldivmod
 .text          0x0000000008000260       0x5c c:/st/stm32cubeide_1.11.0/stm32cubeide/plugins/com.st.stm32cube.ide.mcu.externaltools.gnu-tools-for-stm32.10.3-2021.10.win32_1.0.100.202210260954/tools/bin/../lib/gcc/arm-none-eabi/10.3.1/thumb/v6-m/nofp\libgcc.a(_muldi3.o)
                0x0000000008000260                __muldi3
                0x0000000008000260                __aeabi_lmul
 .text          0x00000000080002bc      0x198 c:/st/stm32cubeide_1.11.0/stm32cubeide/plugins/com.st.stm32cube.ide.mcu.externaltools.gnu-tools-for-stm32.10.3-2021.10.win32_1.0.100.202210260954/tools/bin/../lib/gcc/arm-none-eabi/10.3.1/thumb/v6-m/nofp\libgcc.a(_udivmoddi4.o)
                0x00000000080002bc                __udivmoddi4
 .text          0x0000000008000454       0x18 c:/st/stm32cubeide_1.11.0/stm32cubeide/plugins/com.st.stm32cube.ide.mcu.externaltools.gnu-tools-for-stm32.10.3-2021.10.win32_1.0.100.202210260954/tools/bin/../lib/gcc/arm-none-eabi/10.3.1/thumb/v6-m/nofp\libgcc.a(_clzdi2.o)
                0x0000000008000454                __clzdi2
 .text          0x000000000800046c       0x3c c:/st/stm32cubeide_1.11.0/stm32cubeide/plugins/com.st.stm32cube.ide.mcu.externaltools.gnu-tools-for-stm32.10.3-2021.10.win32_1.0.100.202210260954/tools/bin/../lib/gcc/arm-none-eabi/10.3.1/thumb/v6-m/nofp\libgcc.a(_clzsi2.o)
                0x000000000800046c                __clzsi2
 *(.text*)
 .text.main     0x00000000080004a8       0x6c ./Core/Src/main.o
                0x00000000080004a8                main
 .text.SystemClock_Config
                0x0000000008000514       0xa8 ./Core/Src/main.o
                0x0000000008000514                SystemClock_Config
 .text.MX_GPIO_Init
                0x00000000080005bc       0xf4 ./Core/Src/main.o
 .text.task1_handler
                0x00000000080006b0       0x12 ./Core/Src/main.o
 .text.task2_handler
                0x00000000080006c2       0x12 ./Core/Src/main.o
 .text.HAL_TIM_PeriodElapsedCallback
                0x00000000080006d4       0x24 ./Core/Src/main.o
                0x00000000080006d4                HAL_TIM_PeriodElapsedCallback
 .text.Error_Handler
                0x00000000080006f8        0xa ./Core/Src/main.o
                0x00000000080006f8                Error_Handler
 *fill*         0x0000000008000702        0x2 
 .text.HAL_MspInit
                0x0000000008000704       0x28 ./Core/Src/stm32l0xx_hal_msp.o
                0x0000000008000704                HAL_MspInit
 .text.HAL_InitTick
                0x000000000800072c       0xfc ./Core/Src/stm32l0xx_hal_timebase_tim.o
                0x000000000800072c                HAL_InitTick
 .text.NMI_Handler
                0x0000000008000828        0x6 ./Core/Src/stm32l0xx_it.o
                0x0000000008000828                NMI_Handler
 .text.HardFault_Handler
                0x000000000800082e        0x6 ./Core/Src/stm32l0xx_it.o
                0x000000000800082e                HardFault_Handler
 .text.TIM6_DAC_IRQHandler
                0x0000000008000834       0x18 ./Core/Src/stm32l0xx_it.o
                0x0000000008000834                TIM6_DAC_IRQHandler
 .text._read    0x000000000800084c       0x3a ./Core/Src/syscalls.o
                0x000000000800084c                _read
 .text._write   0x0000000008000886       0x38 ./Core/Src/syscalls.o
                0x0000000008000886                _write
 .text._close   0x00000000080008be       0x14 ./Core/Src/syscalls.o
                0x00000000080008be                _close
 .text._fstat   0x00000000080008d2       0x1c ./Core/Src/syscalls.o
                0x00000000080008d2                _fstat
 .text._isatty  0x00000000080008ee       0x12 ./Core/Src/syscalls.o
                0x00000000080008ee                _isatty
 .text._lseek   0x0000000008000900       0x16 ./Core/Src/syscalls.o
                0x0000000008000900                _lseek
 .text.SystemInit
                0x0000000008000916        0xa ./Core/Src/system_stm32l0xx.o
                0x0000000008000916                SystemInit
 .text.Reset_Handler
                0x0000000008000920       0x50 ./Core/Startup/startup_stm32l073rztx.o
                0x0000000008000920                Reset_Handler
 .text.Default_Handler
                0x0000000008000970        0x2 ./Core/Startup/startup_stm32l073rztx.o
                0x0000000008000970                TSC_IRQHandler
                0x0000000008000970                ADC1_COMP_IRQHandler
                0x0000000008000970                PVD_IRQHandler
                0x0000000008000970                I2C1_IRQHandler
                0x0000000008000970                RCC_CRS_IRQHandler
                0x0000000008000970                SPI1_IRQHandler
                0x0000000008000970                EXTI2_3_IRQHandler
                0x0000000008000970                I2C2_IRQHandler
                0x0000000008000970                RTC_IRQHandler
                0x0000000008000970                LCD_IRQHandler
                0x0000000008000970                DMA1_Channel4_5_6_7_IRQHandler
                0x0000000008000970                TIM3_IRQHandler
                0x0000000008000970                EXTI4_15_IRQHandler
                0x0000000008000970                DMA1_Channel1_IRQHandler
                0x0000000008000970                USART4_5_IRQHandler
                0x0000000008000970                Default_Handler
                0x0000000008000970                TIM22_IRQHandler
                0x0000000008000970                TIM7_IRQHandler
                0x0000000008000970                EXTI0_1_IRQHandler
                0x0000000008000970                USB_IRQHandler
                0x0000000008000970                I2C3_IRQHandler
                0x0000000008000970                SPI2_IRQHandler
                0x0000000008000970                TIM21_IRQHandler
                0x0000000008000970                WWDG_IRQHandler
                0x0000000008000970                TIM2_IRQHandler
                0x0000000008000970                DMA1_Channel2_3_IRQHandler
                0x0000000008000970                USART2_IRQHandler
                0x0000000008000970                FLASH_IRQHandler
                0x0000000008000970                USART1_IRQHandler
                0x0000000008000970                RNG_LPUART1_IRQHandler
                0x0000000008000970                LPTIM1_IRQHandler
 *fill*         0x0000000008000972        0x2 
 .text.HAL_Init
                0x0000000008000974       0x40 ./Drivers/STM32L0xx_HAL_Driver/Src/stm32l0xx_hal.o
                0x0000000008000974                HAL_Init
 .text.HAL_IncTick
                0x00000000080009b4       0x24 ./Drivers/STM32L0xx_HAL_Driver/Src/stm32l0xx_hal.o
                0x00000000080009b4                HAL_IncTick
 .text.HAL_GetTick
                0x00000000080009d8       0x14 ./Drivers/STM32L0xx_HAL_Driver/Src/stm32l0xx_hal.o
                0x00000000080009d8                HAL_GetTick
 .text.__NVIC_EnableIRQ
                0x00000000080009ec       0x34 ./Drivers/STM32L0xx_HAL_Driver/Src/stm32l0xx_hal_cortex.o
 .text.__NVIC_SetPriority
                0x0000000008000a20       0xdc ./Drivers/STM32L0xx_HAL_Driver/Src/stm32l0xx_hal_cortex.o
 .text.HAL_NVIC_SetPriority
                0x0000000008000afc       0x2a ./Drivers/STM32L0xx_HAL_Driver/Src/stm32l0xx_hal_cortex.o
                0x0000000008000afc                HAL_NVIC_SetPriority
 .text.HAL_NVIC_EnableIRQ
                0x0000000008000b26       0x20 ./Drivers/STM32L0xx_HAL_Driver/Src/stm32l0xx_hal_cortex.o
                0x0000000008000b26                HAL_NVIC_EnableIRQ
 *fill*         0x0000000008000b46        0x2 
 .text.HAL_GPIO_Init
                0x0000000008000b48      0x2fc ./Drivers/STM32L0xx_HAL_Driver/Src/stm32l0xx_hal_gpio.o
                0x0000000008000b48                HAL_GPIO_Init
 .text.HAL_GPIO_WritePin
                0x0000000008000e44       0x3a ./Drivers/STM32L0xx_HAL_Driver/Src/stm32l0xx_hal_gpio.o
                0x0000000008000e44                HAL_GPIO_WritePin
 *fill*         0x0000000008000e7e        0x2 
 .text.HAL_RCC_OscConfig
                0x0000000008000e80      0x7a8 ./Drivers/STM32L0xx_HAL_Driver/Src/stm32l0xx_hal_rcc.o
                0x0000000008000e80                HAL_RCC_OscConfig
 .text.HAL_RCC_ClockConfig
                0x0000000008001628      0x290 ./Drivers/STM32L0xx_HAL_Driver/Src/stm32l0xx_hal_rcc.o
                0x0000000008001628                HAL_RCC_ClockConfig
 .text.HAL_RCC_GetSysClockFreq
                0x00000000080018b8      0x14c ./Drivers/STM32L0xx_HAL_Driver/Src/stm32l0xx_hal_rcc.o
                0x00000000080018b8                HAL_RCC_GetSysClockFreq
 .text.HAL_RCC_GetHCLKFreq
                0x0000000008001a04       0x14 ./Drivers/STM32L0xx_HAL_Driver/Src/stm32l0xx_hal_rcc.o
                0x0000000008001a04                HAL_RCC_GetHCLKFreq
 .text.HAL_RCC_GetPCLK1Freq
                0x0000000008001a18       0x2c ./Drivers/STM32L0xx_HAL_Driver/Src/stm32l0xx_hal_rcc.o
                0x0000000008001a18                HAL_RCC_GetPCLK1Freq
 .text.HAL_RCC_GetClockConfig
                0x0000000008001a44       0x64 ./Drivers/STM32L0xx_HAL_Driver/Src/stm32l0xx_hal_rcc.o
                0x0000000008001a44                HAL_RCC_GetClockConfig
 .text.HAL_TIM_Base_Init
                0x0000000008001aa8       0x80 ./Drivers/STM32L0xx_HAL_Driver/Src/stm32l0xx_hal_tim.o
                0x0000000008001aa8                HAL_TIM_Base_Init
 .text.HAL_TIM_Base_MspInit
                0x0000000008001b28       0x10 ./Drivers/STM32L0xx_HAL_Driver/Src/stm32l0xx_hal_tim.o
                0x0000000008001b28                HAL_TIM_Base_MspInit
 .text.HAL_TIM_Base_Start_IT
                0x0000000008001b38       0xa4 ./Drivers/STM32L0xx_HAL_Driver/Src/stm32l0xx_hal_tim.o
                0x0000000008001b38                HAL_TIM_Base_Start_IT
 .text.HAL_TIM_IRQHandler
                0x0000000008001bdc      0x1d0 ./Drivers/STM32L0xx_HAL_Driver/Src/stm32l0xx_hal_tim.o
                0x0000000008001bdc                HAL_TIM_IRQHandler
 .text.HAL_TIM_OC_DelayElapsedCallback
                0x0000000008001dac       0x10 ./Drivers/STM32L0xx_HAL_Driver/Src/stm32l0xx_hal_tim.o
                0x0000000008001dac                HAL_TIM_OC_DelayElapsedCallback
 .text.HAL_TIM_IC_CaptureCallback
                0x0000000008001dbc       0x10 ./Drivers/STM32L0xx_HAL_Driver/Src/stm32l0xx_hal_tim.o
                0x0000000008001dbc                HAL_TIM_IC_CaptureCallback
 .text.HAL_TIM_PWM_PulseFinishedCallback
                0x0000000008001dcc       0x10 ./Drivers/STM32L0xx_HAL_Driver/Src/stm32l0xx_hal_tim.o
                0x0000000008001dcc                HAL_TIM_PWM_PulseFinishedCallback
 .text.HAL_TIM_TriggerCallback
                0x0000000008001ddc       0x10 ./Drivers/STM32L0xx_HAL_Driver/Src/stm32l0xx_hal_tim.o
                0x0000000008001ddc                HAL_TIM_TriggerCallback
 .text.TIM_Base_SetConfig
                0x0000000008001dec       0xbc ./Drivers/STM32L0xx_HAL_Driver/Src/stm32l0xx_hal_tim.o
 .text.vListInitialise
                0x0000000008001ea8       0x3c ./Third Party/FreeRTOS/list.o
                0x0000000008001ea8                vListInitialise
 .text.vListInitialiseItem
                0x0000000008001ee4       0x16 ./Third Party/FreeRTOS/list.o
                0x0000000008001ee4                vListInitialiseItem
 .text.vListInsert
                0x0000000008001efa       0x6c ./Third Party/FreeRTOS/list.o
                0x0000000008001efa                vListInsert
 .text.uxListRemove
                0x0000000008001f66       0x50 ./Third Party/FreeRTOS/list.o
                0x0000000008001f66                uxListRemove
 .text.xQueueGenericReset
                0x0000000008001fb6      0x112 ./Third Party/FreeRTOS/queue.o
                0x0000000008001fb6                xQueueGenericReset
 .text.xQueueGenericCreate
                0x00000000080020c8       0xbc ./Third Party/FreeRTOS/queue.o
                0x00000000080020c8                xQueueGenericCreate
 .text.prvInitialiseNewQueue
                0x0000000008002184       0x4e ./Third Party/FreeRTOS/queue.o
 .text.xQueueReceive
                0x00000000080021d2      0x16a ./Third Party/FreeRTOS/queue.o
                0x00000000080021d2                xQueueReceive
 .text.prvCopyDataFromQueue
                0x000000000800233c       0x4c ./Third Party/FreeRTOS/queue.o
 .text.prvUnlockQueue
                0x0000000008002388       0xbc ./Third Party/FreeRTOS/queue.o
 .text.prvIsQueueEmpty
                0x0000000008002444       0x2c ./Third Party/FreeRTOS/queue.o
 .text.vQueueAddToRegistry
                0x0000000008002470       0x88 ./Third Party/FreeRTOS/queue.o
                0x0000000008002470                vQueueAddToRegistry
 .text.vQueueWaitForMessageRestricted
                0x00000000080024f8       0x66 ./Third Party/FreeRTOS/queue.o
                0x00000000080024f8                vQueueWaitForMessageRestricted
 .text.xTaskCreate
                0x000000000800255e       0x9c ./Third Party/FreeRTOS/tasks.o
                0x000000000800255e                xTaskCreate
 *fill*         0x00000000080025fa        0x2 
 .text.prvInitialiseNewTask
                0x00000000080025fc      0x100 ./Third Party/FreeRTOS/tasks.o
 .text.prvAddNewTaskToReadyList
                0x00000000080026fc      0x11c ./Third Party/FreeRTOS/tasks.o
 .text.vTaskStartScheduler
                0x0000000008002818       0x80 ./Third Party/FreeRTOS/tasks.o
                0x0000000008002818                vTaskStartScheduler
 .text.vTaskSuspendAll
                0x0000000008002898       0x18 ./Third Party/FreeRTOS/tasks.o
                0x0000000008002898                vTaskSuspendAll
 .text.xTaskResumeAll
                0x00000000080028b0      0x1d0 ./Third Party/FreeRTOS/tasks.o
                0x00000000080028b0                xTaskResumeAll
 .text.xTaskGetTickCount
                0x0000000008002a80       0x1c ./Third Party/FreeRTOS/tasks.o
                0x0000000008002a80                xTaskGetTickCount
 .text.xTaskIncrementTick
                0x0000000008002a9c      0x218 ./Third Party/FreeRTOS/tasks.o
                0x0000000008002a9c                xTaskIncrementTick
 .text.vTaskSwitchContext
                0x0000000008002cb4       0xa4 ./Third Party/FreeRTOS/tasks.o
                0x0000000008002cb4                vTaskSwitchContext
 .text.vTaskPlaceOnEventList
                0x0000000008002d58       0x3c ./Third Party/FreeRTOS/tasks.o
                0x0000000008002d58                vTaskPlaceOnEventList
 .text.vTaskPlaceOnEventListRestricted
                0x0000000008002d94       0x7c ./Third Party/FreeRTOS/tasks.o
                0x0000000008002d94                vTaskPlaceOnEventListRestricted
 .text.xTaskRemoveFromEventList
                0x0000000008002e10      0x194 ./Third Party/FreeRTOS/tasks.o
                0x0000000008002e10                xTaskRemoveFromEventList
 .text.vTaskInternalSetTimeOutState
                0x0000000008002fa4       0x28 ./Third Party/FreeRTOS/tasks.o
                0x0000000008002fa4                vTaskInternalSetTimeOutState
 .text.xTaskCheckForTimeOut
                0x0000000008002fcc       0xa8 ./Third Party/FreeRTOS/tasks.o
                0x0000000008002fcc                xTaskCheckForTimeOut
 .text.vTaskMissedYield
                0x0000000008003074       0x14 ./Third Party/FreeRTOS/tasks.o
                0x0000000008003074                vTaskMissedYield
 .text.prvIdleTask
                0x0000000008003088       0x20 ./Third Party/FreeRTOS/tasks.o
 .text.prvInitialiseTaskLists
                0x00000000080030a8       0x88 ./Third Party/FreeRTOS/tasks.o
 .text.prvCheckTasksWaitingTermination
                0x0000000008003130       0x5c ./Third Party/FreeRTOS/tasks.o
 .text.prvDeleteTCB
                0x000000000800318c       0x22 ./Third Party/FreeRTOS/tasks.o
 *fill*         0x00000000080031ae        0x2 
 .text.prvResetNextTaskUnblockTime
                0x00000000080031b0       0x34 ./Third Party/FreeRTOS/tasks.o
 .text.xTaskGetSchedulerState
                0x00000000080031e4       0x38 ./Third Party/FreeRTOS/tasks.o
                0x00000000080031e4                xTaskGetSchedulerState
 .text.prvAddCurrentTaskToDelayedList
                0x000000000800321c       0xdc ./Third Party/FreeRTOS/tasks.o
 .text.xTimerCreateTimerTask
                0x00000000080032f8       0x54 ./Third Party/FreeRTOS/timers.o
                0x00000000080032f8                xTimerCreateTimerTask
 .text.prvReloadTimer
                0x000000000800334c       0x42 ./Third Party/FreeRTOS/timers.o
 *fill*         0x000000000800338e        0x2 
 .text.prvProcessExpiredTimer
                0x0000000008003390       0x64 ./Third Party/FreeRTOS/timers.o
 .text.prvTimerTask
                0x00000000080033f4       0x28 ./Third Party/FreeRTOS/timers.o
 .text.prvProcessTimerOrBlockTask
                0x000000000800341c       0x90 ./Third Party/FreeRTOS/timers.o
 .text.prvGetNextExpireTime
                0x00000000080034ac       0x44 ./Third Party/FreeRTOS/timers.o
 .text.prvSampleTimeNow
                0x00000000080034f0       0x40 ./Third Party/FreeRTOS/timers.o
 .text.prvInsertTimerInActiveList
                0x0000000008003530       0x84 ./Third Party/FreeRTOS/timers.o
 .text.prvProcessReceivedCommands
                0x00000000080035b4      0x184 ./Third Party/FreeRTOS/timers.o
 .text.prvSwitchTimerLists
                0x0000000008003738       0x50 ./Third Party/FreeRTOS/timers.o
 .text.prvCheckForValidListAndQueue
                0x0000000008003788       0x74 ./Third Party/FreeRTOS/timers.o
 .text.pxPortInitialiseStack
                0x00000000080037fc       0x54 ./Third Party/FreeRTOS/portable/GCC/ARM_CM0/port.o
                0x00000000080037fc                pxPortInitialiseStack
 .text.prvTaskExitError
                0x0000000008003850       0x30 ./Third Party/FreeRTOS/portable/GCC/ARM_CM0/port.o
 .text.SVC_Handler
                0x0000000008003880        0xa ./Third Party/FreeRTOS/portable/GCC/ARM_CM0/port.o
                0x0000000008003880                SVC_Handler
 *fill*         0x000000000800388a        0x6 
 .text.vPortStartFirstTask
                0x0000000008003890       0x38 ./Third Party/FreeRTOS/portable/GCC/ARM_CM0/port.o
 .text.xPortStartScheduler
                0x00000000080038c8       0x48 ./Third Party/FreeRTOS/portable/GCC/ARM_CM0/port.o
                0x00000000080038c8                xPortStartScheduler
 .text.vPortYield
                0x0000000008003910       0x20 ./Third Party/FreeRTOS/portable/GCC/ARM_CM0/port.o
                0x0000000008003910                vPortYield
 .text.vPortEnterCritical
                0x0000000008003930       0x24 ./Third Party/FreeRTOS/portable/GCC/ARM_CM0/port.o
                0x0000000008003930                vPortEnterCritical
 .text.vPortExitCritical
                0x0000000008003954       0x30 ./Third Party/FreeRTOS/portable/GCC/ARM_CM0/port.o
                0x0000000008003954                vPortExitCritical
 .text.ulSetInterruptMaskFromISR
                0x0000000008003984        0xc ./Third Party/FreeRTOS/portable/GCC/ARM_CM0/port.o
                0x0000000008003984                ulSetInterruptMaskFromISR
 .text.vClearInterruptMaskFromISR
                0x0000000008003990        0x8 ./Third Party/FreeRTOS/portable/GCC/ARM_CM0/port.o
                0x0000000008003990                vClearInterruptMaskFromISR
 *fill*         0x0000000008003998        0x8 
 .text.PendSV_Handler
                0x00000000080039a0       0x48 ./Third Party/FreeRTOS/portable/GCC/ARM_CM0/port.o
                0x00000000080039a0                PendSV_Handler
 .text.SysTick_Handler
                0x00000000080039e8       0x34 ./Third Party/FreeRTOS/portable/GCC/ARM_CM0/port.o
                0x00000000080039e8                SysTick_Handler
 .text.vPortSetupTimerInterrupt
                0x0000000008003a1c       0x44 ./Third Party/FreeRTOS/portable/GCC/ARM_CM0/port.o
                0x0000000008003a1c                vPortSetupTimerInterrupt
 .text.pvPortMalloc
                0x0000000008003a60      0x150 ./Third Party/FreeRTOS/portable/MemMang/heap_4.o
                0x0000000008003a60                pvPortMalloc
 .text.vPortFree
                0x0000000008003bb0       0x98 ./Third Party/FreeRTOS/portable/MemMang/heap_4.o
                0x0000000008003bb0                vPortFree
 .text.prvHeapInit
                0x0000000008003c48       0xb4 ./Third Party/FreeRTOS/portable/MemMang/heap_4.o
 .text.prvInsertBlockIntoFreeList
                0x0000000008003cfc       0xb0 ./Third Party/FreeRTOS/portable/MemMang/heap_4.o
 .text.__libc_init_array
                0x0000000008003dac       0x48 c:/st/stm32cubeide_1.11.0/stm32cubeide/plugins/com.st.stm32cube.ide.mcu.externaltools.gnu-tools-for-stm32.10.3-2021.10.win32_1.0.100.202210260954/tools/bin/../lib/gcc/arm-none-eabi/10.3.1/../../../../arm-none-eabi/lib/thumb/v6-m/nofp\libc_nano.a(lib_a-init.o)
                0x0000000008003dac                __libc_init_array
 .text.memcpy   0x0000000008003df4       0x12 c:/st/stm32cubeide_1.11.0/stm32cubeide/plugins/com.st.stm32cube.ide.mcu.externaltools.gnu-tools-for-stm32.10.3-2021.10.win32_1.0.100.202210260954/tools/bin/../lib/gcc/arm-none-eabi/10.3.1/../../../../arm-none-eabi/lib/thumb/v6-m/nofp\libc_nano.a(lib_a-memcpy-stub.o)
                0x0000000008003df4                memcpy
 .text.memset   0x0000000008003e06       0x10 c:/st/stm32cubeide_1.11.0/stm32cubeide/plugins/com.st.stm32cube.ide.mcu.externaltools.gnu-tools-for-stm32.10.3-2021.10.win32_1.0.100.202210260954/tools/bin/../lib/gcc/arm-none-eabi/10.3.1/../../../../arm-none-eabi/lib/thumb/v6-m/nofp\libc_nano.a(lib_a-memset.o)
                0x0000000008003e06                memset
 *fill*         0x0000000008003e16        0x2 
 .text._puts_r  0x0000000008003e18       0xe4 c:/st/stm32cubeide_1.11.0/stm32cubeide/plugins/com.st.stm32cube.ide.mcu.externaltools.gnu-tools-for-stm32.10.3-2021.10.win32_1.0.100.202210260954/tools/bin/../lib/gcc/arm-none-eabi/10.3.1/../../../../arm-none-eabi/lib/thumb/v6-m/nofp\libc_nano.a(lib_a-puts.o)
                0x0000000008003e18                _puts_r
 .text.puts     0x0000000008003efc       0x14 c:/st/stm32cubeide_1.11.0/stm32cubeide/plugins/com.st.stm32cube.ide.mcu.externaltools.gnu-tools-for-stm32.10.3-2021.10.win32_1.0.100.202210260954/tools/bin/../lib/gcc/arm-none-eabi/10.3.1/../../../../arm-none-eabi/lib/thumb/v6-m/nofp\libc_nano.a(lib_a-puts.o)
                0x0000000008003efc                puts
 .text.__swbuf_r
                0x0000000008003f10       0xac c:/st/stm32cubeide_1.11.0/stm32cubeide/plugins/com.st.stm32cube.ide.mcu.externaltools.gnu-tools-for-stm32.10.3-2021.10.win32_1.0.100.202210260954/tools/bin/../lib/gcc/arm-none-eabi/10.3.1/../../../../arm-none-eabi/lib/thumb/v6-m/nofp\libc_nano.a(lib_a-wbuf.o)
                0x0000000008003f10                __swbuf_r
 .text.__swsetup_r
                0x0000000008003fbc       0xf0 c:/st/stm32cubeide_1.11.0/stm32cubeide/plugins/com.st.stm32cube.ide.mcu.externaltools.gnu-tools-for-stm32.10.3-2021.10.win32_1.0.100.202210260954/tools/bin/../lib/gcc/arm-none-eabi/10.3.1/../../../../arm-none-eabi/lib/thumb/v6-m/nofp\libc_nano.a(lib_a-wsetup.o)
                0x0000000008003fbc                __swsetup_r
 .text.__sflush_r
                0x00000000080040ac      0x118 c:/st/stm32cubeide_1.11.0/stm32cubeide/plugins/com.st.stm32cube.ide.mcu.externaltools.gnu-tools-for-stm32.10.3-2021.10.win32_1.0.100.202210260954/tools/bin/../lib/gcc/arm-none-eabi/10.3.1/../../../../arm-none-eabi/lib/thumb/v6-m/nofp\libc_nano.a(lib_a-fflush.o)
                0x00000000080040ac                __sflush_r
 .text._fflush_r
                0x00000000080041c4       0x80 c:/st/stm32cubeide_1.11.0/stm32cubeide/plugins/com.st.stm32cube.ide.mcu.externaltools.gnu-tools-for-stm32.10.3-2021.10.win32_1.0.100.202210260954/tools/bin/../lib/gcc/arm-none-eabi/10.3.1/../../../../arm-none-eabi/lib/thumb/v6-m/nofp\libc_nano.a(lib_a-fflush.o)
                0x00000000080041c4                _fflush_r
 .text.std      0x0000000008004244       0x48 c:/st/stm32cubeide_1.11.0/stm32cubeide/plugins/com.st.stm32cube.ide.mcu.externaltools.gnu-tools-for-stm32.10.3-2021.10.win32_1.0.100.202210260954/tools/bin/../lib/gcc/arm-none-eabi/10.3.1/../../../../arm-none-eabi/lib/thumb/v6-m/nofp\libc_nano.a(lib_a-findfp.o)
 .text._cleanup_r
                0x000000000800428c       0x10 c:/st/stm32cubeide_1.11.0/stm32cubeide/plugins/com.st.stm32cube.ide.mcu.externaltools.gnu-tools-for-stm32.10.3-2021.10.win32_1.0.100.202210260954/tools/bin/../lib/gcc/arm-none-eabi/10.3.1/../../../../arm-none-eabi/lib/thumb/v6-m/nofp\libc_nano.a(lib_a-findfp.o)
                0x000000000800428c                _cleanup_r
 .text.__sfmoreglue
                0x000000000800429c       0x2c c:/st/stm32cubeide_1.11.0/stm32cubeide/plugins/com.st.stm32cube.ide.mcu.externaltools.gnu-tools-for-stm32.10.3-2021.10.win32_1.0.100.202210260954/tools/bin/../lib/gcc/arm-none-eabi/10.3.1/../../../../arm-none-eabi/lib/thumb/v6-m/nofp\libc_nano.a(lib_a-findfp.o)
                0x000000000800429c                __sfmoreglue
 .text.__sfp_lock_acquire
                0x00000000080042c8       0x10 c:/st/stm32cubeide_1.11.0/stm32cubeide/plugins/com.st.stm32cube.ide.mcu.externaltools.gnu-tools-for-stm32.10.3-2021.10.win32_1.0.100.202210260954/tools/bin/../lib/gcc/arm-none-eabi/10.3.1/../../../../arm-none-eabi/lib/thumb/v6-m/nofp\libc_nano.a(lib_a-findfp.o)
                0x00000000080042c8                __sfp_lock_acquire
 .text.__sfp_lock_release
                0x00000000080042d8       0x10 c:/st/stm32cubeide_1.11.0/stm32cubeide/plugins/com.st.stm32cube.ide.mcu.externaltools.gnu-tools-for-stm32.10.3-2021.10.win32_1.0.100.202210260954/tools/bin/../lib/gcc/arm-none-eabi/10.3.1/../../../../arm-none-eabi/lib/thumb/v6-m/nofp\libc_nano.a(lib_a-findfp.o)
                0x00000000080042d8                __sfp_lock_release
 .text.__sinit_lock_acquire
                0x00000000080042e8       0x10 c:/st/stm32cubeide_1.11.0/stm32cubeide/plugins/com.st.stm32cube.ide.mcu.externaltools.gnu-tools-for-stm32.10.3-2021.10.win32_1.0.100.202210260954/tools/bin/../lib/gcc/arm-none-eabi/10.3.1/../../../../arm-none-eabi/lib/thumb/v6-m/nofp\libc_nano.a(lib_a-findfp.o)
                0x00000000080042e8                __sinit_lock_acquire
 .text.__sinit_lock_release
                0x00000000080042f8       0x10 c:/st/stm32cubeide_1.11.0/stm32cubeide/plugins/com.st.stm32cube.ide.mcu.externaltools.gnu-tools-for-stm32.10.3-2021.10.win32_1.0.100.202210260954/tools/bin/../lib/gcc/arm-none-eabi/10.3.1/../../../../arm-none-eabi/lib/thumb/v6-m/nofp\libc_nano.a(lib_a-findfp.o)
                0x00000000080042f8                __sinit_lock_release
 .text.__sinit  0x0000000008004308       0x70 c:/st/stm32cubeide_1.11.0/stm32cubeide/plugins/com.st.stm32cube.ide.mcu.externaltools.gnu-tools-for-stm32.10.3-2021.10.win32_1.0.100.202210260954/tools/bin/../lib/gcc/arm-none-eabi/10.3.1/../../../../arm-none-eabi/lib/thumb/v6-m/nofp\libc_nano.a(lib_a-findfp.o)
                0x0000000008004308                __sinit
 .text.__sfp    0x0000000008004378       0x90 c:/st/stm32cubeide_1.11.0/stm32cubeide/plugins/com.st.stm32cube.ide.mcu.externaltools.gnu-tools-for-stm32.10.3-2021.10.win32_1.0.100.202210260954/tools/bin/../lib/gcc/arm-none-eabi/10.3.1/../../../../arm-none-eabi/lib/thumb/v6-m/nofp\libc_nano.a(lib_a-findfp.o)
                0x0000000008004378                __sfp
 .text._fwalk_reent
                0x0000000008004408       0x40 c:/st/stm32cubeide_1.11.0/stm32cubeide/plugins/com.st.stm32cube.ide.mcu.externaltools.gnu-tools-for-stm32.10.3-2021.10.win32_1.0.100.202210260954/tools/bin/../lib/gcc/arm-none-eabi/10.3.1/../../../../arm-none-eabi/lib/thumb/v6-m/nofp\libc_nano.a(lib_a-fwalk.o)
                0x0000000008004408                _fwalk_reent
 .text.__retarget_lock_init_recursive
                0x0000000008004448        0x2 c:/st/stm32cubeide_1.11.0/stm32cubeide/plugins/com.st.stm32cube.ide.mcu.externaltools.gnu-tools-for-stm32.10.3-2021.10.win32_1.0.100.202210260954/tools/bin/../lib/gcc/arm-none-eabi/10.3.1/../../../../arm-none-eabi/lib/thumb/v6-m/nofp\libc_nano.a(lib_a-lock.o)
                0x0000000008004448                __retarget_lock_init_recursive
 .text.__retarget_lock_acquire_recursive
                0x000000000800444a        0x2 c:/st/stm32cubeide_1.11.0/stm32cubeide/plugins/com.st.stm32cube.ide.mcu.externaltools.gnu-tools-for-stm32.10.3-2021.10.win32_1.0.100.202210260954/tools/bin/../lib/gcc/arm-none-eabi/10.3.1/../../../../arm-none-eabi/lib/thumb/v6-m/nofp\libc_nano.a(lib_a-lock.o)
                0x000000000800444a                __retarget_lock_acquire_recursive
 .text.__retarget_lock_release_recursive
                0x000000000800444c        0x2 c:/st/stm32cubeide_1.11.0/stm32cubeide/plugins/com.st.stm32cube.ide.mcu.externaltools.gnu-tools-for-stm32.10.3-2021.10.win32_1.0.100.202210260954/tools/bin/../lib/gcc/arm-none-eabi/10.3.1/../../../../arm-none-eabi/lib/thumb/v6-m/nofp\libc_nano.a(lib_a-lock.o)
                0x000000000800444c                __retarget_lock_release_recursive
 *fill*         0x000000000800444e        0x2 
 .text.__swhatbuf_r
                0x0000000008004450       0x50 c:/st/stm32cubeide_1.11.0/stm32cubeide/plugins/com.st.stm32cube.ide.mcu.externaltools.gnu-tools-for-stm32.10.3-2021.10.win32_1.0.100.202210260954/tools/bin/../lib/gcc/arm-none-eabi/10.3.1/../../../../arm-none-eabi/lib/thumb/v6-m/nofp\libc_nano.a(lib_a-makebuf.o)
                0x0000000008004450                __swhatbuf_r
 .text.__smakebuf_r
                0x00000000080044a0       0x88 c:/st/stm32cubeide_1.11.0/stm32cubeide/plugins/com.st.stm32cube.ide.mcu.externaltools.gnu-tools-for-stm32.10.3-2021.10.win32_1.0.100.202210260954/tools/bin/../lib/gcc/arm-none-eabi/10.3.1/../../../../arm-none-eabi/lib/thumb/v6-m/nofp\libc_nano.a(lib_a-makebuf.o)
                0x00000000080044a0                __smakebuf_r
 .text._free_r  0x0000000008004528       0x94 c:/st/stm32cubeide_1.11.0/stm32cubeide/plugins/com.st.stm32cube.ide.mcu.externaltools.gnu-tools-for-stm32.10.3-2021.10.win32_1.0.100.202210260954/tools/bin/../lib/gcc/arm-none-eabi/10.3.1/../../../../arm-none-eabi/lib/thumb/v6-m/nofp\libc_nano.a(lib_a-nano-freer.o)
                0x0000000008004528                _free_r
 .text.sbrk_aligned
                0x00000000080045bc       0x44 c:/st/stm32cubeide_1.11.0/stm32cubeide/plugins/com.st.stm32cube.ide.mcu.externaltools.gnu-tools-for-stm32.10.3-2021.10.win32_1.0.100.202210260954/tools/bin/../lib/gcc/arm-none-eabi/10.3.1/../../../../arm-none-eabi/lib/thumb/v6-m/nofp\libc_nano.a(lib_a-nano-mallocr.o)
 .text._malloc_r
                0x0000000008004600       0xec c:/st/stm32cubeide_1.11.0/stm32cubeide/plugins/com.st.stm32cube.ide.mcu.externaltools.gnu-tools-for-stm32.10.3-2021.10.win32_1.0.100.202210260954/tools/bin/../lib/gcc/arm-none-eabi/10.3.1/../../../../arm-none-eabi/lib/thumb/v6-m/nofp\libc_nano.a(lib_a-nano-mallocr.o)
                0x0000000008004600                _malloc_r
 .text._sbrk_r  0x00000000080046ec       0x24 c:/st/stm32cubeide_1.11.0/stm32cubeide/plugins/com.st.stm32cube.ide.mcu.externaltools.gnu-tools-for-stm32.10.3-2021.10.win32_1.0.100.202210260954/tools/bin/../lib/gcc/arm-none-eabi/10.3.1/../../../../arm-none-eabi/lib/thumb/v6-m/nofp\libc_nano.a(lib_a-sbrkr.o)
                0x00000000080046ec                _sbrk_r
 .text.__sread  0x0000000008004710       0x28 c:/st/stm32cubeide_1.11.0/stm32cubeide/plugins/com.st.stm32cube.ide.mcu.externaltools.gnu-tools-for-stm32.10.3-2021.10.win32_1.0.100.202210260954/tools/bin/../lib/gcc/arm-none-eabi/10.3.1/../../../../arm-none-eabi/lib/thumb/v6-m/nofp\libc_nano.a(lib_a-stdio.o)
                0x0000000008004710                __sread
 .text.__swrite
                0x0000000008004738       0x38 c:/st/stm32cubeide_1.11.0/stm32cubeide/plugins/com.st.stm32cube.ide.mcu.externaltools.gnu-tools-for-stm32.10.3-2021.10.win32_1.0.100.202210260954/tools/bin/../lib/gcc/arm-none-eabi/10.3.1/../../../../arm-none-eabi/lib/thumb/v6-m/nofp\libc_nano.a(lib_a-stdio.o)
                0x0000000008004738                __swrite
 .text.__sseek  0x0000000008004770       0x2c c:/st/stm32cubeide_1.11.0/stm32cubeide/plugins/com.st.stm32cube.ide.mcu.externaltools.gnu-tools-for-stm32.10.3-2021.10.win32_1.0.100.202210260954/tools/bin/../lib/gcc/arm-none-eabi/10.3.1/../../../../arm-none-eabi/lib/thumb/v6-m/nofp\libc_nano.a(lib_a-stdio.o)
                0x0000000008004770                __sseek
 .text.__sclose
                0x000000000800479c        0xc c:/st/stm32cubeide_1.11.0/stm32cubeide/plugins/com.st.stm32cube.ide.mcu.externaltools.gnu-tools-for-stm32.10.3-2021.10.win32_1.0.100.202210260954/tools/bin/../lib/gcc/arm-none-eabi/10.3.1/../../../../arm-none-eabi/lib/thumb/v6-m/nofp\libc_nano.a(lib_a-stdio.o)
                0x000000000800479c                __sclose
 .text._write_r
                0x00000000080047a8       0x28 c:/st/stm32cubeide_1.11.0/stm32cubeide/plugins/com.st.stm32cube.ide.mcu.externaltools.gnu-tools-for-stm32.10.3-2021.10.win32_1.0.100.202210260954/tools/bin/../lib/gcc/arm-none-eabi/10.3.1/../../../../arm-none-eabi/lib/thumb/v6-m/nofp\libc_nano.a(lib_a-writer.o)
                0x00000000080047a8                _write_r
 .text._close_r
                0x00000000080047d0       0x24 c:/st/stm32cubeide_1.11.0/stm32cubeide/plugins/com.st.stm32cube.ide.mcu.externaltools.gnu-tools-for-stm32.10.3-2021.10.win32_1.0.100.202210260954/tools/bin/../lib/gcc/arm-none-eabi/10.3.1/../../../../arm-none-eabi/lib/thumb/v6-m/nofp\libc_nano.a(lib_a-closer.o)
                0x00000000080047d0                _close_r
 .text._fstat_r
                0x00000000080047f4       0x24 c:/st/stm32cubeide_1.11.0/stm32cubeide/plugins/com.st.stm32cube.ide.mcu.externaltools.gnu-tools-for-stm32.10.3-2021.10.win32_1.0.100.202210260954/tools/bin/../lib/gcc/arm-none-eabi/10.3.1/../../../../arm-none-eabi/lib/thumb/v6-m/nofp\libc_nano.a(lib_a-fstatr.o)
                0x00000000080047f4                _fstat_r
 .text._isatty_r
                0x0000000008004818       0x24 c:/st/stm32cubeide_1.11.0/stm32cubeide/plugins/com.st.stm32cube.ide.mcu.externaltools.gnu-tools-for-stm32.10.3-2021.10.win32_1.0.100.202210260954/tools/bin/../lib/gcc/arm-none-eabi/10.3.1/../../../../arm-none-eabi/lib/thumb/v6-m/nofp\libc_nano.a(lib_a-isattyr.o)
                0x0000000008004818                _isatty_r
 .text._lseek_r
                0x000000000800483c       0x28 c:/st/stm32cubeide_1.11.0/stm32cubeide/plugins/com.st.stm32cube.ide.mcu.externaltools.gnu-tools-for-stm32.10.3-2021.10.win32_1.0.100.202210260954/tools/bin/../lib/gcc/arm-none-eabi/10.3.1/../../../../arm-none-eabi/lib/thumb/v6-m/nofp\libc_nano.a(lib_a-lseekr.o)
                0x000000000800483c                _lseek_r
 .text.__malloc_lock
                0x0000000008004864       0x10 c:/st/stm32cubeide_1.11.0/stm32cubeide/plugins/com.st.stm32cube.ide.mcu.externaltools.gnu-tools-for-stm32.10.3-2021.10.win32_1.0.100.202210260954/tools/bin/../lib/gcc/arm-none-eabi/10.3.1/../../../../arm-none-eabi/lib/thumb/v6-m/nofp\libc_nano.a(lib_a-mlock.o)
                0x0000000008004864                __malloc_lock
 .text.__malloc_unlock
                0x0000000008004874       0x10 c:/st/stm32cubeide_1.11.0/stm32cubeide/plugins/com.st.stm32cube.ide.mcu.externaltools.gnu-tools-for-stm32.10.3-2021.10.win32_1.0.100.202210260954/tools/bin/../lib/gcc/arm-none-eabi/10.3.1/../../../../arm-none-eabi/lib/thumb/v6-m/nofp\libc_nano.a(lib_a-mlock.o)
                0x0000000008004874                __malloc_unlock
 .text._read_r  0x0000000008004884       0x28 c:/st/stm32cubeide_1.11.0/stm32cubeide/plugins/com.st.stm32cube.ide.mcu.externaltools.gnu-tools-for-stm32.10.3-2021.10.win32_1.0.100.202210260954/tools/bin/../lib/gcc/arm-none-eabi/10.3.1/../../../../arm-none-eabi/lib/thumb/v6-m/nofp\libc_nano.a(lib_a-readr.o)
                0x0000000008004884                _read_r
 .text._sbrk    0x00000000080048ac       0x20 c:/st/stm32cubeide_1.11.0/stm32cubeide/plugins/com.st.stm32cube.ide.mcu.externaltools.gnu-tools-for-stm32.10.3-2021.10.win32_1.0.100.202210260954/tools/bin/../lib/gcc/arm-none-eabi/10.3.1/../../../../arm-none-eabi/lib/thumb/v6-m/nofp\libnosys.a(sbrk.o)
                0x00000000080048ac                _sbrk
 *(.glue_7)
 .glue_7        0x00000000080048cc        0x0 linker stubs
 *(.glue_7t)
 .glue_7t       0x00000000080048cc        0x0 linker stubs
 *(.eh_frame)
 .eh_frame      0x00000000080048cc        0x0 c:/st/stm32cubeide_1.11.0/stm32cubeide/plugins/com.st.stm32cube.ide.mcu.externaltools.gnu-tools-for-stm32.10.3-2021.10.win32_1.0.100.202210260954/tools/bin/../lib/gcc/arm-none-eabi/10.3.1/thumb/v6-m/nofp/crtbegin.o
 *(.init)
 .init          0x00000000080048cc        0x4 c:/st/stm32cubeide_1.11.0/stm32cubeide/plugins/com.st.stm32cube.ide.mcu.externaltools.gnu-tools-for-stm32.10.3-2021.10.win32_1.0.100.202210260954/tools/bin/../lib/gcc/arm-none-eabi/10.3.1/thumb/v6-m/nofp/crti.o
                0x00000000080048cc                _init
 .init          0x00000000080048d0        0x8 c:/st/stm32cubeide_1.11.0/stm32cubeide/plugins/com.st.stm32cube.ide.mcu.externaltools.gnu-tools-for-stm32.10.3-2021.10.win32_1.0.100.202210260954/tools/bin/../lib/gcc/arm-none-eabi/10.3.1/thumb/v6-m/nofp/crtn.o
 *(.fini)
 .fini          0x00000000080048d8        0x4 c:/st/stm32cubeide_1.11.0/stm32cubeide/plugins/com.st.stm32cube.ide.mcu.externaltools.gnu-tools-for-stm32.10.3-2021.10.win32_1.0.100.202210260954/tools/bin/../lib/gcc/arm-none-eabi/10.3.1/thumb/v6-m/nofp/crti.o
                0x00000000080048d8                _fini
 .fini          0x00000000080048dc        0x8 c:/st/stm32cubeide_1.11.0/stm32cubeide/plugins/com.st.stm32cube.ide.mcu.externaltools.gnu-tools-for-stm32.10.3-2021.10.win32_1.0.100.202210260954/tools/bin/../lib/gcc/arm-none-eabi/10.3.1/thumb/v6-m/nofp/crtn.o
                0x00000000080048e4                . = ALIGN (0x4)
                0x00000000080048e4                _etext = .

.vfp11_veneer   0x00000000080048e4        0x0
 .vfp11_veneer  0x00000000080048e4        0x0 linker stubs

.v4_bx          0x00000000080048e4        0x0
 .v4_bx         0x00000000080048e4        0x0 linker stubs

.iplt           0x00000000080048e4        0x0
 .iplt          0x00000000080048e4        0x0 c:/st/stm32cubeide_1.11.0/stm32cubeide/plugins/com.st.stm32cube.ide.mcu.externaltools.gnu-tools-for-stm32.10.3-2021.10.win32_1.0.100.202210260954/tools/bin/../lib/gcc/arm-none-eabi/10.3.1/thumb/v6-m/nofp/crtbegin.o

.rodata         0x00000000080048e4      0x100
                0x00000000080048e4                . = ALIGN (0x4)
 *(.rodata)
 .rodata        0x00000000080048e4       0x37 ./Core/Src/main.o
 *fill*         0x000000000800491b        0x1 
 .rodata        0x000000000800491c        0x5 ./Third Party/FreeRTOS/tasks.o
 *fill*         0x0000000008004921        0x3 
 .rodata        0x0000000008004924        0xd ./Third Party/FreeRTOS/timers.o
 *(.rodata*)
 *fill*         0x0000000008004931        0x3 
 .rodata.AHBPrescTable
                0x0000000008004934       0x10 ./Core/Src/system_stm32l0xx.o
                0x0000000008004934                AHBPrescTable
 .rodata.APBPrescTable
                0x0000000008004944        0x8 ./Core/Src/system_stm32l0xx.o
                0x0000000008004944                APBPrescTable
 .rodata.PLLMulTable
                0x000000000800494c        0x9 ./Core/Src/system_stm32l0xx.o
                0x000000000800494c                PLLMulTable
 *fill*         0x0000000008004955        0x3 
 .rodata.prvProcessReceivedCommands
                0x0000000008004958       0x28 ./Third Party/FreeRTOS/timers.o
 .rodata._global_impure_ptr
                0x0000000008004980        0x4 c:/st/stm32cubeide_1.11.0/stm32cubeide/plugins/com.st.stm32cube.ide.mcu.externaltools.gnu-tools-for-stm32.10.3-2021.10.win32_1.0.100.202210260954/tools/bin/../lib/gcc/arm-none-eabi/10.3.1/../../../../arm-none-eabi/lib/thumb/v6-m/nofp\libc_nano.a(lib_a-impure.o)
                0x0000000008004980                _global_impure_ptr
 .rodata.__sf_fake_stderr
                0x0000000008004984       0x20 c:/st/stm32cubeide_1.11.0/stm32cubeide/plugins/com.st.stm32cube.ide.mcu.externaltools.gnu-tools-for-stm32.10.3-2021.10.win32_1.0.100.202210260954/tools/bin/../lib/gcc/arm-none-eabi/10.3.1/../../../../arm-none-eabi/lib/thumb/v6-m/nofp\libc_nano.a(lib_a-findfp.o)
                0x0000000008004984                __sf_fake_stderr
 .rodata.__sf_fake_stdin
                0x00000000080049a4       0x20 c:/st/stm32cubeide_1.11.0/stm32cubeide/plugins/com.st.stm32cube.ide.mcu.externaltools.gnu-tools-for-stm32.10.3-2021.10.win32_1.0.100.202210260954/tools/bin/../lib/gcc/arm-none-eabi/10.3.1/../../../../arm-none-eabi/lib/thumb/v6-m/nofp\libc_nano.a(lib_a-findfp.o)
                0x00000000080049a4                __sf_fake_stdin
 .rodata.__sf_fake_stdout
                0x00000000080049c4       0x20 c:/st/stm32cubeide_1.11.0/stm32cubeide/plugins/com.st.stm32cube.ide.mcu.externaltools.gnu-tools-for-stm32.10.3-2021.10.win32_1.0.100.202210260954/tools/bin/../lib/gcc/arm-none-eabi/10.3.1/../../../../arm-none-eabi/lib/thumb/v6-m/nofp\libc_nano.a(lib_a-findfp.o)
                0x00000000080049c4                __sf_fake_stdout
                0x00000000080049e4                . = ALIGN (0x4)

.ARM.extab      0x00000000080049e4        0x0
                0x00000000080049e4                . = ALIGN (0x4)
 *(.ARM.extab* .gnu.linkonce.armextab.*)
                0x00000000080049e4                . = ALIGN (0x4)

.ARM            0x00000000080049e4        0x8
                0x00000000080049e4                . = ALIGN (0x4)
                0x00000000080049e4                __exidx_start = .
 *(.ARM.exidx*)
 .ARM.exidx     0x00000000080049e4        0x8 c:/st/stm32cubeide_1.11.0/stm32cubeide/plugins/com.st.stm32cube.ide.mcu.externaltools.gnu-tools-for-stm32.10.3-2021.10.win32_1.0.100.202210260954/tools/bin/../lib/gcc/arm-none-eabi/10.3.1/thumb/v6-m/nofp\libgcc.a(_udivmoddi4.o)
                0x00000000080049ec                __exidx_end = .
                0x00000000080049ec                . = ALIGN (0x4)

.rel.dyn        0x00000000080049ec        0x0
 .rel.iplt      0x00000000080049ec        0x0 c:/st/stm32cubeide_1.11.0/stm32cubeide/plugins/com.st.stm32cube.ide.mcu.externaltools.gnu-tools-for-stm32.10.3-2021.10.win32_1.0.100.202210260954/tools/bin/../lib/gcc/arm-none-eabi/10.3.1/thumb/v6-m/nofp/crtbegin.o

.preinit_array  0x00000000080049ec        0x0
                0x00000000080049ec                . = ALIGN (0x4)
                0x00000000080049ec                PROVIDE (__preinit_array_start = .)
 *(.preinit_array*)
                0x00000000080049ec                PROVIDE (__preinit_array_end = .)
                0x00000000080049ec                . = ALIGN (0x4)

.init_array     0x00000000080049ec        0x4
                0x00000000080049ec                . = ALIGN (0x4)
                0x00000000080049ec                PROVIDE (__init_array_start = .)
 *(SORT_BY_NAME(.init_array.*))
 *(.init_array*)
 .init_array    0x00000000080049ec        0x4 c:/st/stm32cubeide_1.11.0/stm32cubeide/plugins/com.st.stm32cube.ide.mcu.externaltools.gnu-tools-for-stm32.10.3-2021.10.win32_1.0.100.202210260954/tools/bin/../lib/gcc/arm-none-eabi/10.3.1/thumb/v6-m/nofp/crtbegin.o
                0x00000000080049f0                PROVIDE (__init_array_end = .)
                0x00000000080049f0                . = ALIGN (0x4)

.fini_array     0x00000000080049f0        0x4
                0x00000000080049f0                . = ALIGN (0x4)
                [!provide]                        PROVIDE (__fini_array_start = .)
 *(SORT_BY_NAME(.fini_array.*))
 *(.fini_array*)
 .fini_array    0x00000000080049f0        0x4 c:/st/stm32cubeide_1.11.0/stm32cubeide/plugins/com.st.stm32cube.ide.mcu.externaltools.gnu-tools-for-stm32.10.3-2021.10.win32_1.0.100.202210260954/tools/bin/../lib/gcc/arm-none-eabi/10.3.1/thumb/v6-m/nofp/crtbegin.o
                [!provide]                        PROVIDE (__fini_array_end = .)
                0x00000000080049f4                . = ALIGN (0x4)
                0x00000000080049f4                _sidata = LOADADDR (.data)

.data           0x0000000020000000       0x78 load address 0x00000000080049f4
                0x0000000020000000                . = ALIGN (0x4)
                0x0000000020000000                _sdata = .
 *(.data)
 *(.data*)
 .data.SystemCoreClock
                0x0000000020000000        0x4 ./Core/Src/system_stm32l0xx.o
                0x0000000020000000                SystemCoreClock
 .data.uwTickPrio
                0x0000000020000004        0x4 ./Drivers/STM32L0xx_HAL_Driver/Src/stm32l0xx_hal.o
                0x0000000020000004                uwTickPrio
 .data.uwTickFreq
                0x0000000020000008        0x1 ./Drivers/STM32L0xx_HAL_Driver/Src/stm32l0xx_hal.o
                0x0000000020000008                uwTickFreq
 *fill*         0x0000000020000009        0x3 
 .data.uxTopUsedPriority
                0x000000002000000c        0x4 ./Third Party/FreeRTOS/tasks.o
                0x000000002000000c                uxTopUsedPriority
 .data.uxCriticalNesting
                0x0000000020000010        0x4 ./Third Party/FreeRTOS/portable/GCC/ARM_CM0/port.o
 .data._impure_ptr
                0x0000000020000014        0x4 c:/st/stm32cubeide_1.11.0/stm32cubeide/plugins/com.st.stm32cube.ide.mcu.externaltools.gnu-tools-for-stm32.10.3-2021.10.win32_1.0.100.202210260954/tools/bin/../lib/gcc/arm-none-eabi/10.3.1/../../../../arm-none-eabi/lib/thumb/v6-m/nofp\libc_nano.a(lib_a-impure.o)
                0x0000000020000014                _impure_ptr
 .data.impure_data
                0x0000000020000018       0x60 c:/st/stm32cubeide_1.11.0/stm32cubeide/plugins/com.st.stm32cube.ide.mcu.externaltools.gnu-tools-for-stm32.10.3-2021.10.win32_1.0.100.202210260954/tools/bin/../lib/gcc/arm-none-eabi/10.3.1/../../../../arm-none-eabi/lib/thumb/v6-m/nofp\libc_nano.a(lib_a-impure.o)
 *(.RamFunc)
 *(.RamFunc*)
                0x0000000020000078                . = ALIGN (0x4)
                0x0000000020000078                _edata = .

.igot.plt       0x0000000020000078        0x0 load address 0x0000000008004a6c
 .igot.plt      0x0000000020000078        0x0 c:/st/stm32cubeide_1.11.0/stm32cubeide/plugins/com.st.stm32cube.ide.mcu.externaltools.gnu-tools-for-stm32.10.3-2021.10.win32_1.0.100.202210260954/tools/bin/../lib/gcc/arm-none-eabi/10.3.1/thumb/v6-m/nofp/crtbegin.o
                0x0000000020000078                . = ALIGN (0x4)

.bss            0x0000000020000078     0x1e0c load address 0x0000000008004a6c
                0x0000000020000078                _sbss = .
                0x0000000020000078                __bss_start__ = _sbss
 *(.bss)
 .bss           0x0000000020000078       0x1c c:/st/stm32cubeide_1.11.0/stm32cubeide/plugins/com.st.stm32cube.ide.mcu.externaltools.gnu-tools-for-stm32.10.3-2021.10.win32_1.0.100.202210260954/tools/bin/../lib/gcc/arm-none-eabi/10.3.1/thumb/v6-m/nofp/crtbegin.o
 *(.bss*)
 .bss.htim6     0x0000000020000094       0x40 ./Core/Src/stm32l0xx_hal_timebase_tim.o
                0x0000000020000094                htim6
 .bss.uwTick    0x00000000200000d4        0x4 ./Drivers/STM32L0xx_HAL_Driver/Src/stm32l0xx_hal.o
                0x00000000200000d4                uwTick
 .bss.xQueueRegistry
                0x00000000200000d8       0x40 ./Third Party/FreeRTOS/queue.o
                0x00000000200000d8                xQueueRegistry
 .bss.pxCurrentTCB
                0x0000000020000118        0x4 ./Third Party/FreeRTOS/tasks.o
                0x0000000020000118                pxCurrentTCB
 .bss.pxReadyTasksLists
                0x000000002000011c      0x460 ./Third Party/FreeRTOS/tasks.o
 .bss.xDelayedTaskList1
                0x000000002000057c       0x14 ./Third Party/FreeRTOS/tasks.o
 .bss.xDelayedTaskList2
                0x0000000020000590       0x14 ./Third Party/FreeRTOS/tasks.o
 .bss.pxDelayedTaskList
                0x00000000200005a4        0x4 ./Third Party/FreeRTOS/tasks.o
 .bss.pxOverflowDelayedTaskList
                0x00000000200005a8        0x4 ./Third Party/FreeRTOS/tasks.o
 .bss.xPendingReadyList
                0x00000000200005ac       0x14 ./Third Party/FreeRTOS/tasks.o
 .bss.xTasksWaitingTermination
                0x00000000200005c0       0x14 ./Third Party/FreeRTOS/tasks.o
 .bss.uxDeletedTasksWaitingCleanUp
                0x00000000200005d4        0x4 ./Third Party/FreeRTOS/tasks.o
 .bss.xSuspendedTaskList
                0x00000000200005d8       0x14 ./Third Party/FreeRTOS/tasks.o
 .bss.uxCurrentNumberOfTasks
                0x00000000200005ec        0x4 ./Third Party/FreeRTOS/tasks.o
 .bss.xTickCount
                0x00000000200005f0        0x4 ./Third Party/FreeRTOS/tasks.o
 .bss.uxTopReadyPriority
                0x00000000200005f4        0x4 ./Third Party/FreeRTOS/tasks.o
 .bss.xSchedulerRunning
                0x00000000200005f8        0x4 ./Third Party/FreeRTOS/tasks.o
 .bss.xPendedTicks
                0x00000000200005fc        0x4 ./Third Party/FreeRTOS/tasks.o
 .bss.xYieldPending
                0x0000000020000600        0x4 ./Third Party/FreeRTOS/tasks.o
 .bss.xNumOfOverflows
                0x0000000020000604        0x4 ./Third Party/FreeRTOS/tasks.o
 .bss.uxTaskNumber
                0x0000000020000608        0x4 ./Third Party/FreeRTOS/tasks.o
 .bss.xNextTaskUnblockTime
                0x000000002000060c        0x4 ./Third Party/FreeRTOS/tasks.o
 .bss.xIdleTaskHandle
                0x0000000020000610        0x4 ./Third Party/FreeRTOS/tasks.o
 .bss.uxSchedulerSuspended
                0x0000000020000614        0x4 ./Third Party/FreeRTOS/tasks.o
 .bss.xActiveTimerList1
                0x0000000020000618       0x14 ./Third Party/FreeRTOS/timers.o
 .bss.xActiveTimerList2
                0x000000002000062c       0x14 ./Third Party/FreeRTOS/timers.o
 .bss.pxCurrentTimerList
                0x0000000020000640        0x4 ./Third Party/FreeRTOS/timers.o
 .bss.pxOverflowTimerList
                0x0000000020000644        0x4 ./Third Party/FreeRTOS/timers.o
 .bss.xTimerQueue
                0x0000000020000648        0x4 ./Third Party/FreeRTOS/timers.o
 .bss.xTimerTaskHandle
                0x000000002000064c        0x4 ./Third Party/FreeRTOS/timers.o
 .bss.xLastTime.0
                0x0000000020000650        0x4 ./Third Party/FreeRTOS/timers.o
 .bss.ucHeap    0x0000000020000654     0x1800 ./Third Party/FreeRTOS/portable/MemMang/heap_4.o
 .bss.xStart    0x0000000020001e54        0x8 ./Third Party/FreeRTOS/portable/MemMang/heap_4.o
 .bss.pxEnd     0x0000000020001e5c        0x4 ./Third Party/FreeRTOS/portable/MemMang/heap_4.o
 .bss.xFreeBytesRemaining
                0x0000000020001e60        0x4 ./Third Party/FreeRTOS/portable/MemMang/heap_4.o
 .bss.xMinimumEverFreeBytesRemaining
                0x0000000020001e64        0x4 ./Third Party/FreeRTOS/portable/MemMang/heap_4.o
 .bss.xNumberOfSuccessfulAllocations
                0x0000000020001e68        0x4 ./Third Party/FreeRTOS/portable/MemMang/heap_4.o
 .bss.xNumberOfSuccessfulFrees
                0x0000000020001e6c        0x4 ./Third Party/FreeRTOS/portable/MemMang/heap_4.o
 .bss.__lock___malloc_recursive_mutex
                0x0000000020001e70        0x1 c:/st/stm32cubeide_1.11.0/stm32cubeide/plugins/com.st.stm32cube.ide.mcu.externaltools.gnu-tools-for-stm32.10.3-2021.10.win32_1.0.100.202210260954/tools/bin/../lib/gcc/arm-none-eabi/10.3.1/../../../../arm-none-eabi/lib/thumb/v6-m/nofp\libc_nano.a(lib_a-lock.o)
                0x0000000020001e70                __lock___malloc_recursive_mutex
 .bss.__lock___sfp_recursive_mutex
                0x0000000020001e71        0x1 c:/st/stm32cubeide_1.11.0/stm32cubeide/plugins/com.st.stm32cube.ide.mcu.externaltools.gnu-tools-for-stm32.10.3-2021.10.win32_1.0.100.202210260954/tools/bin/../lib/gcc/arm-none-eabi/10.3.1/../../../../arm-none-eabi/lib/thumb/v6-m/nofp\libc_nano.a(lib_a-lock.o)
                0x0000000020001e71                __lock___sfp_recursive_mutex
 .bss.__lock___sinit_recursive_mutex
                0x0000000020001e72        0x1 c:/st/stm32cubeide_1.11.0/stm32cubeide/plugins/com.st.stm32cube.ide.mcu.externaltools.gnu-tools-for-stm32.10.3-2021.10.win32_1.0.100.202210260954/tools/bin/../lib/gcc/arm-none-eabi/10.3.1/../../../../arm-none-eabi/lib/thumb/v6-m/nofp\libc_nano.a(lib_a-lock.o)
                0x0000000020001e72                __lock___sinit_recursive_mutex
 *fill*         0x0000000020001e73        0x1 
 .bss.__malloc_free_list
                0x0000000020001e74        0x4 c:/st/stm32cubeide_1.11.0/stm32cubeide/plugins/com.st.stm32cube.ide.mcu.externaltools.gnu-tools-for-stm32.10.3-2021.10.win32_1.0.100.202210260954/tools/bin/../lib/gcc/arm-none-eabi/10.3.1/../../../../arm-none-eabi/lib/thumb/v6-m/nofp\libc_nano.a(lib_a-nano-mallocr.o)
                0x0000000020001e74                __malloc_free_list
 .bss.__malloc_sbrk_start
                0x0000000020001e78        0x4 c:/st/stm32cubeide_1.11.0/stm32cubeide/plugins/com.st.stm32cube.ide.mcu.externaltools.gnu-tools-for-stm32.10.3-2021.10.win32_1.0.100.202210260954/tools/bin/../lib/gcc/arm-none-eabi/10.3.1/../../../../arm-none-eabi/lib/thumb/v6-m/nofp\libc_nano.a(lib_a-nano-mallocr.o)
                0x0000000020001e78                __malloc_sbrk_start
 .bss.errno     0x0000000020001e7c        0x4 c:/st/stm32cubeide_1.11.0/stm32cubeide/plugins/com.st.stm32cube.ide.mcu.externaltools.gnu-tools-for-stm32.10.3-2021.10.win32_1.0.100.202210260954/tools/bin/../lib/gcc/arm-none-eabi/10.3.1/../../../../arm-none-eabi/lib/thumb/v6-m/nofp\libc_nano.a(lib_a-reent.o)
                0x0000000020001e7c                errno
 .bss.heap_end.0
                0x0000000020001e80        0x4 c:/st/stm32cubeide_1.11.0/stm32cubeide/plugins/com.st.stm32cube.ide.mcu.externaltools.gnu-tools-for-stm32.10.3-2021.10.win32_1.0.100.202210260954/tools/bin/../lib/gcc/arm-none-eabi/10.3.1/../../../../arm-none-eabi/lib/thumb/v6-m/nofp\libnosys.a(sbrk.o)
 *(COMMON)
                0x0000000020001e84                . = ALIGN (0x4)
                0x0000000020001e84                _ebss = .
                0x0000000020001e84                __bss_end__ = _ebss

._user_heap_stack
                0x0000000020001e84      0x604 load address 0x0000000008004a6c
                0x0000000020001e88                . = ALIGN (0x8)
 *fill*         0x0000000020001e84        0x4 
                0x0000000020001e88                PROVIDE (end = .)
                [!provide]                        PROVIDE (_end = .)
                0x0000000020002088                . = (. + _Min_Heap_Size)
 *fill*         0x0000000020001e88      0x200 
                0x0000000020002488                . = (. + _Min_Stack_Size)
 *fill*         0x0000000020002088      0x400 
                0x0000000020002488                . = ALIGN (0x8)

/DISCARD/
 libc.a(*)
 libm.a(*)
 libgcc.a(*)

.ARM.attributes
                0x0000000000000000       0x28
 *(.ARM.attributes)
 .ARM.attributes
                0x0000000000000000       0x1e c:/st/stm32cubeide_1.11.0/stm32cubeide/plugins/com.st.stm32cube.ide.mcu.externaltools.gnu-tools-for-stm32.10.3-2021.10.win32_1.0.100.202210260954/tools/bin/../lib/gcc/arm-none-eabi/10.3.1/thumb/v6-m/nofp/crti.o
 .ARM.attributes
                0x000000000000001e       0x2c c:/st/stm32cubeide_1.11.0/stm32cubeide/plugins/com.st.stm32cube.ide.mcu.externaltools.gnu-tools-for-stm32.10.3-2021.10.win32_1.0.100.202210260954/tools/bin/../lib/gcc/arm-none-eabi/10.3.1/thumb/v6-m/nofp/crtbegin.o
 .ARM.attributes
                0x000000000000004a       0x2c ./Core/Src/main.o
 .ARM.attributes
                0x0000000000000076       0x2c ./Core/Src/stm32l0xx_hal_msp.o
 .ARM.attributes
                0x00000000000000a2       0x2c ./Core/Src/stm32l0xx_hal_timebase_tim.o
 .ARM.attributes
                0x00000000000000ce       0x2c ./Core/Src/stm32l0xx_it.o
 .ARM.attributes
                0x00000000000000fa       0x2c ./Core/Src/syscalls.o
 .ARM.attributes
                0x0000000000000126       0x2c ./Core/Src/system_stm32l0xx.o
 .ARM.attributes
                0x0000000000000152       0x22 ./Core/Startup/startup_stm32l073rztx.o
 .ARM.attributes
                0x0000000000000174       0x2c ./Drivers/STM32L0xx_HAL_Driver/Src/stm32l0xx_hal.o
 .ARM.attributes
                0x00000000000001a0       0x2c ./Drivers/STM32L0xx_HAL_Driver/Src/stm32l0xx_hal_cortex.o
 .ARM.attributes
                0x00000000000001cc       0x2c ./Drivers/STM32L0xx_HAL_Driver/Src/stm32l0xx_hal_gpio.o
 .ARM.attributes
                0x00000000000001f8       0x2c ./Drivers/STM32L0xx_HAL_Driver/Src/stm32l0xx_hal_rcc.o
 .ARM.attributes
                0x0000000000000224       0x2c ./Drivers/STM32L0xx_HAL_Driver/Src/stm32l0xx_hal_tim.o
 .ARM.attributes
                0x0000000000000250       0x2c ./Third Party/FreeRTOS/list.o
 .ARM.attributes
                0x000000000000027c       0x2c ./Third Party/FreeRTOS/queue.o
 .ARM.attributes
                0x00000000000002a8       0x2c ./Third Party/FreeRTOS/tasks.o
 .ARM.attributes
                0x00000000000002d4       0x2c ./Third Party/FreeRTOS/timers.o
 .ARM.attributes
                0x0000000000000300       0x2c ./Third Party/FreeRTOS/portable/GCC/ARM_CM0/port.o
 .ARM.attributes
                0x000000000000032c       0x2c ./Third Party/FreeRTOS/portable/MemMang/heap_4.o
 .ARM.attributes
                0x0000000000000358       0x2c c:/st/stm32cubeide_1.11.0/stm32cubeide/plugins/com.st.stm32cube.ide.mcu.externaltools.gnu-tools-for-stm32.10.3-2021.10.win32_1.0.100.202210260954/tools/bin/../lib/gcc/arm-none-eabi/10.3.1/../../../../arm-none-eabi/lib/thumb/v6-m/nofp\libc_nano.a(lib_a-impure.o)
 .ARM.attributes
                0x0000000000000384       0x2c c:/st/stm32cubeide_1.11.0/stm32cubeide/plugins/com.st.stm32cube.ide.mcu.externaltools.gnu-tools-for-stm32.10.3-2021.10.win32_1.0.100.202210260954/tools/bin/../lib/gcc/arm-none-eabi/10.3.1/../../../../arm-none-eabi/lib/thumb/v6-m/nofp\libc_nano.a(lib_a-init.o)
 .ARM.attributes
                0x00000000000003b0       0x2c c:/st/stm32cubeide_1.11.0/stm32cubeide/plugins/com.st.stm32cube.ide.mcu.externaltools.gnu-tools-for-stm32.10.3-2021.10.win32_1.0.100.202210260954/tools/bin/../lib/gcc/arm-none-eabi/10.3.1/../../../../arm-none-eabi/lib/thumb/v6-m/nofp\libc_nano.a(lib_a-memcpy-stub.o)
 .ARM.attributes
                0x00000000000003dc       0x2c c:/st/stm32cubeide_1.11.0/stm32cubeide/plugins/com.st.stm32cube.ide.mcu.externaltools.gnu-tools-for-stm32.10.3-2021.10.win32_1.0.100.202210260954/tools/bin/../lib/gcc/arm-none-eabi/10.3.1/../../../../arm-none-eabi/lib/thumb/v6-m/nofp\libc_nano.a(lib_a-memset.o)
 .ARM.attributes
                0x0000000000000408       0x2c c:/st/stm32cubeide_1.11.0/stm32cubeide/plugins/com.st.stm32cube.ide.mcu.externaltools.gnu-tools-for-stm32.10.3-2021.10.win32_1.0.100.202210260954/tools/bin/../lib/gcc/arm-none-eabi/10.3.1/../../../../arm-none-eabi/lib/thumb/v6-m/nofp\libc_nano.a(lib_a-puts.o)
 .ARM.attributes
                0x0000000000000434       0x2c c:/st/stm32cubeide_1.11.0/stm32cubeide/plugins/com.st.stm32cube.ide.mcu.externaltools.gnu-tools-for-stm32.10.3-2021.10.win32_1.0.100.202210260954/tools/bin/../lib/gcc/arm-none-eabi/10.3.1/../../../../arm-none-eabi/lib/thumb/v6-m/nofp\libc_nano.a(lib_a-wbuf.o)
 .ARM.attributes
                0x0000000000000460       0x2c c:/st/stm32cubeide_1.11.0/stm32cubeide/plugins/com.st.stm32cube.ide.mcu.externaltools.gnu-tools-for-stm32.10.3-2021.10.win32_1.0.100.202210260954/tools/bin/../lib/gcc/arm-none-eabi/10.3.1/../../../../arm-none-eabi/lib/thumb/v6-m/nofp\libc_nano.a(lib_a-wsetup.o)
 .ARM.attributes
                0x000000000000048c       0x2c c:/st/stm32cubeide_1.11.0/stm32cubeide/plugins/com.st.stm32cube.ide.mcu.externaltools.gnu-tools-for-stm32.10.3-2021.10.win32_1.0.100.202210260954/tools/bin/../lib/gcc/arm-none-eabi/10.3.1/../../../../arm-none-eabi/lib/thumb/v6-m/nofp\libc_nano.a(lib_a-fflush.o)
 .ARM.attributes
                0x00000000000004b8       0x2c c:/st/stm32cubeide_1.11.0/stm32cubeide/plugins/com.st.stm32cube.ide.mcu.externaltools.gnu-tools-for-stm32.10.3-2021.10.win32_1.0.100.202210260954/tools/bin/../lib/gcc/arm-none-eabi/10.3.1/../../../../arm-none-eabi/lib/thumb/v6-m/nofp\libc_nano.a(lib_a-findfp.o)
 .ARM.attributes
                0x00000000000004e4       0x2c c:/st/stm32cubeide_1.11.0/stm32cubeide/plugins/com.st.stm32cube.ide.mcu.externaltools.gnu-tools-for-stm32.10.3-2021.10.win32_1.0.100.202210260954/tools/bin/../lib/gcc/arm-none-eabi/10.3.1/../../../../arm-none-eabi/lib/thumb/v6-m/nofp\libc_nano.a(lib_a-fwalk.o)
 .ARM.attributes
                0x0000000000000510       0x2c c:/st/stm32cubeide_1.11.0/stm32cubeide/plugins/com.st.stm32cube.ide.mcu.externaltools.gnu-tools-for-stm32.10.3-2021.10.win32_1.0.100.202210260954/tools/bin/../lib/gcc/arm-none-eabi/10.3.1/../../../../arm-none-eabi/lib/thumb/v6-m/nofp\libc_nano.a(lib_a-lock.o)
 .ARM.attributes
                0x000000000000053c       0x2c c:/st/stm32cubeide_1.11.0/stm32cubeide/plugins/com.st.stm32cube.ide.mcu.externaltools.gnu-tools-for-stm32.10.3-2021.10.win32_1.0.100.202210260954/tools/bin/../lib/gcc/arm-none-eabi/10.3.1/../../../../arm-none-eabi/lib/thumb/v6-m/nofp\libc_nano.a(lib_a-makebuf.o)
 .ARM.attributes
                0x0000000000000568       0x2c c:/st/stm32cubeide_1.11.0/stm32cubeide/plugins/com.st.stm32cube.ide.mcu.externaltools.gnu-tools-for-stm32.10.3-2021.10.win32_1.0.100.202210260954/tools/bin/../lib/gcc/arm-none-eabi/10.3.1/../../../../arm-none-eabi/lib/thumb/v6-m/nofp\libc_nano.a(lib_a-nano-freer.o)
 .ARM.attributes
                0x0000000000000594       0x2c c:/st/stm32cubeide_1.11.0/stm32cubeide/plugins/com.st.stm32cube.ide.mcu.externaltools.gnu-tools-for-stm32.10.3-2021.10.win32_1.0.100.202210260954/tools/bin/../lib/gcc/arm-none-eabi/10.3.1/../../../../arm-none-eabi/lib/thumb/v6-m/nofp\libc_nano.a(lib_a-nano-mallocr.o)
 .ARM.attributes
                0x00000000000005c0       0x2c c:/st/stm32cubeide_1.11.0/stm32cubeide/plugins/com.st.stm32cube.ide.mcu.externaltools.gnu-tools-for-stm32.10.3-2021.10.win32_1.0.100.202210260954/tools/bin/../lib/gcc/arm-none-eabi/10.3.1/../../../../arm-none-eabi/lib/thumb/v6-m/nofp\libc_nano.a(lib_a-sbrkr.o)
 .ARM.attributes
                0x00000000000005ec       0x2c c:/st/stm32cubeide_1.11.0/stm32cubeide/plugins/com.st.stm32cube.ide.mcu.externaltools.gnu-tools-for-stm32.10.3-2021.10.win32_1.0.100.202210260954/tools/bin/../lib/gcc/arm-none-eabi/10.3.1/../../../../arm-none-eabi/lib/thumb/v6-m/nofp\libc_nano.a(lib_a-stdio.o)
 .ARM.attributes
                0x0000000000000618       0x2c c:/st/stm32cubeide_1.11.0/stm32cubeide/plugins/com.st.stm32cube.ide.mcu.externaltools.gnu-tools-for-stm32.10.3-2021.10.win32_1.0.100.202210260954/tools/bin/../lib/gcc/arm-none-eabi/10.3.1/../../../../arm-none-eabi/lib/thumb/v6-m/nofp\libc_nano.a(lib_a-writer.o)
 .ARM.attributes
                0x0000000000000644       0x2c c:/st/stm32cubeide_1.11.0/stm32cubeide/plugins/com.st.stm32cube.ide.mcu.externaltools.gnu-tools-for-stm32.10.3-2021.10.win32_1.0.100.202210260954/tools/bin/../lib/gcc/arm-none-eabi/10.3.1/../../../../arm-none-eabi/lib/thumb/v6-m/nofp\libc_nano.a(lib_a-closer.o)
 .ARM.attributes
                0x0000000000000670       0x2c c:/st/stm32cubeide_1.11.0/stm32cubeide/plugins/com.st.stm32cube.ide.mcu.externaltools.gnu-tools-for-stm32.10.3-2021.10.win32_1.0.100.202210260954/tools/bin/../lib/gcc/arm-none-eabi/10.3.1/../../../../arm-none-eabi/lib/thumb/v6-m/nofp\libc_nano.a(lib_a-fstatr.o)
 .ARM.attributes
                0x000000000000069c       0x2c c:/st/stm32cubeide_1.11.0/stm32cubeide/plugins/com.st.stm32cube.ide.mcu.externaltools.gnu-tools-for-stm32.10.3-2021.10.win32_1.0.100.202210260954/tools/bin/../lib/gcc/arm-none-eabi/10.3.1/../../../../arm-none-eabi/lib/thumb/v6-m/nofp\libc_nano.a(lib_a-isattyr.o)
 .ARM.attributes
                0x00000000000006c8       0x2c c:/st/stm32cubeide_1.11.0/stm32cubeide/plugins/com.st.stm32cube.ide.mcu.externaltools.gnu-tools-for-stm32.10.3-2021.10.win32_1.0.100.202210260954/tools/bin/../lib/gcc/arm-none-eabi/10.3.1/../../../../arm-none-eabi/lib/thumb/v6-m/nofp\libc_nano.a(lib_a-lseekr.o)
 .ARM.attributes
                0x00000000000006f4       0x2c c:/st/stm32cubeide_1.11.0/stm32cubeide/plugins/com.st.stm32cube.ide.mcu.externaltools.gnu-tools-for-stm32.10.3-2021.10.win32_1.0.100.202210260954/tools/bin/../lib/gcc/arm-none-eabi/10.3.1/../../../../arm-none-eabi/lib/thumb/v6-m/nofp\libc_nano.a(lib_a-mlock.o)
 .ARM.attributes
                0x0000000000000720       0x2c c:/st/stm32cubeide_1.11.0/stm32cubeide/plugins/com.st.stm32cube.ide.mcu.externaltools.gnu-tools-for-stm32.10.3-2021.10.win32_1.0.100.202210260954/tools/bin/../lib/gcc/arm-none-eabi/10.3.1/../../../../arm-none-eabi/lib/thumb/v6-m/nofp\libc_nano.a(lib_a-readr.o)
 .ARM.attributes
                0x000000000000074c       0x2c c:/st/stm32cubeide_1.11.0/stm32cubeide/plugins/com.st.stm32cube.ide.mcu.externaltools.gnu-tools-for-stm32.10.3-2021.10.win32_1.0.100.202210260954/tools/bin/../lib/gcc/arm-none-eabi/10.3.1/../../../../arm-none-eabi/lib/thumb/v6-m/nofp\libc_nano.a(lib_a-reent.o)
 .ARM.attributes
                0x0000000000000778       0x1e c:/st/stm32cubeide_1.11.0/stm32cubeide/plugins/com.st.stm32cube.ide.mcu.externaltools.gnu-tools-for-stm32.10.3-2021.10.win32_1.0.100.202210260954/tools/bin/../lib/gcc/arm-none-eabi/10.3.1/thumb/v6-m/nofp\libgcc.a(_udivsi3.o)
 .ARM.attributes
                0x0000000000000796       0x1e c:/st/stm32cubeide_1.11.0/stm32cubeide/plugins/com.st.stm32cube.ide.mcu.externaltools.gnu-tools-for-stm32.10.3-2021.10.win32_1.0.100.202210260954/tools/bin/../lib/gcc/arm-none-eabi/10.3.1/thumb/v6-m/nofp\libgcc.a(_dvmd_tls.o)
 .ARM.attributes
                0x00000000000007b4       0x1e c:/st/stm32cubeide_1.11.0/stm32cubeide/plugins/com.st.stm32cube.ide.mcu.externaltools.gnu-tools-for-stm32.10.3-2021.10.win32_1.0.100.202210260954/tools/bin/../lib/gcc/arm-none-eabi/10.3.1/thumb/v6-m/nofp\libgcc.a(_aeabi_uldivmod.o)
 .ARM.attributes
                0x00000000000007d2       0x2c c:/st/stm32cubeide_1.11.0/stm32cubeide/plugins/com.st.stm32cube.ide.mcu.externaltools.gnu-tools-for-stm32.10.3-2021.10.win32_1.0.100.202210260954/tools/bin/../lib/gcc/arm-none-eabi/10.3.1/thumb/v6-m/nofp\libgcc.a(_muldi3.o)
 .ARM.attributes
                0x00000000000007fe       0x2c c:/st/stm32cubeide_1.11.0/stm32cubeide/plugins/com.st.stm32cube.ide.mcu.externaltools.gnu-tools-for-stm32.10.3-2021.10.win32_1.0.100.202210260954/tools/bin/../lib/gcc/arm-none-eabi/10.3.1/thumb/v6-m/nofp\libgcc.a(_udivmoddi4.o)
 .ARM.attributes
                0x000000000000082a       0x1e c:/st/stm32cubeide_1.11.0/stm32cubeide/plugins/com.st.stm32cube.ide.mcu.externaltools.gnu-tools-for-stm32.10.3-2021.10.win32_1.0.100.202210260954/tools/bin/../lib/gcc/arm-none-eabi/10.3.1/thumb/v6-m/nofp\libgcc.a(_clzdi2.o)
 .ARM.attributes
                0x0000000000000848       0x1e c:/st/stm32cubeide_1.11.0/stm32cubeide/plugins/com.st.stm32cube.ide.mcu.externaltools.gnu-tools-for-stm32.10.3-2021.10.win32_1.0.100.202210260954/tools/bin/../lib/gcc/arm-none-eabi/10.3.1/thumb/v6-m/nofp\libgcc.a(_clzsi2.o)
 .ARM.attributes
                0x0000000000000866       0x2c c:/st/stm32cubeide_1.11.0/stm32cubeide/plugins/com.st.stm32cube.ide.mcu.externaltools.gnu-tools-for-stm32.10.3-2021.10.win32_1.0.100.202210260954/tools/bin/../lib/gcc/arm-none-eabi/10.3.1/../../../../arm-none-eabi/lib/thumb/v6-m/nofp\libnosys.a(sbrk.o)
 .ARM.attributes
                0x0000000000000892       0x1e c:/st/stm32cubeide_1.11.0/stm32cubeide/plugins/com.st.stm32cube.ide.mcu.externaltools.gnu-tools-for-stm32.10.3-2021.10.win32_1.0.100.202210260954/tools/bin/../lib/gcc/arm-none-eabi/10.3.1/thumb/v6-m/nofp/crtn.o
OUTPUT(002_Task_Create.elf elf32-littlearm)
LOAD linker stubs
LOAD c:/st/stm32cubeide_1.11.0/stm32cubeide/plugins/com.st.stm32cube.ide.mcu.externaltools.gnu-tools-for-stm32.10.3-2021.10.win32_1.0.100.202210260954/tools/bin/../lib/gcc/arm-none-eabi/10.3.1/../../../../arm-none-eabi/lib/thumb/v6-m/nofp\libc.a
LOAD c:/st/stm32cubeide_1.11.0/stm32cubeide/plugins/com.st.stm32cube.ide.mcu.externaltools.gnu-tools-for-stm32.10.3-2021.10.win32_1.0.100.202210260954/tools/bin/../lib/gcc/arm-none-eabi/10.3.1/../../../../arm-none-eabi/lib/thumb/v6-m/nofp\libm.a
LOAD c:/st/stm32cubeide_1.11.0/stm32cubeide/plugins/com.st.stm32cube.ide.mcu.externaltools.gnu-tools-for-stm32.10.3-2021.10.win32_1.0.100.202210260954/tools/bin/../lib/gcc/arm-none-eabi/10.3.1/thumb/v6-m/nofp\libgcc.a

.debug_info     0x0000000000000000     0xc2a4
 .debug_info    0x0000000000000000      0xd43 ./Core/Src/main.o
 .debug_info    0x0000000000000d43      0x1e3 ./Core/Src/stm32l0xx_hal_msp.o
 .debug_info    0x0000000000000f26      0xa07 ./Core/Src/stm32l0xx_hal_timebase_tim.o
 .debug_info    0x000000000000192d      0x64b ./Core/Src/stm32l0xx_it.o
 .debug_info    0x0000000000001f78      0x6e0 ./Core/Src/syscalls.o
 .debug_info    0x0000000000002658      0x309 ./Core/Src/system_stm32l0xx.o
 .debug_info    0x0000000000002961       0x22 ./Core/Startup/startup_stm32l073rztx.o
 .debug_info    0x0000000000002983      0x8ed ./Drivers/STM32L0xx_HAL_Driver/Src/stm32l0xx_hal.o
 .debug_info    0x0000000000003270      0x8f2 ./Drivers/STM32L0xx_HAL_Driver/Src/stm32l0xx_hal_cortex.o
 .debug_info    0x0000000000003b62      0x6aa ./Drivers/STM32L0xx_HAL_Driver/Src/stm32l0xx_hal_gpio.o
 .debug_info    0x000000000000420c      0xa80 ./Drivers/STM32L0xx_HAL_Driver/Src/stm32l0xx_hal_rcc.o
 .debug_info    0x0000000000004c8c     0x2a26 ./Drivers/STM32L0xx_HAL_Driver/Src/stm32l0xx_hal_tim.o
 .debug_info    0x00000000000076b2      0x2d1 ./Third Party/FreeRTOS/list.o
 .debug_info    0x0000000000007983     0x13fc ./Third Party/FreeRTOS/queue.o
 .debug_info    0x0000000000008d7f     0x1ee1 ./Third Party/FreeRTOS/tasks.o
 .debug_info    0x000000000000ac60      0xed7 ./Third Party/FreeRTOS/timers.o
 .debug_info    0x000000000000bb37      0x2a0 ./Third Party/FreeRTOS/portable/GCC/ARM_CM0/port.o
 .debug_info    0x000000000000bdd7      0x4cd ./Third Party/FreeRTOS/portable/MemMang/heap_4.o

.debug_abbrev   0x0000000000000000     0x2263
 .debug_abbrev  0x0000000000000000      0x252 ./Core/Src/main.o
 .debug_abbrev  0x0000000000000252       0x9d ./Core/Src/stm32l0xx_hal_msp.o
 .debug_abbrev  0x00000000000002ef      0x203 ./Core/Src/stm32l0xx_hal_timebase_tim.o
 .debug_abbrev  0x00000000000004f2      0x182 ./Core/Src/stm32l0xx_it.o
 .debug_abbrev  0x0000000000000674      0x1b3 ./Core/Src/syscalls.o
 .debug_abbrev  0x0000000000000827      0x116 ./Core/Src/system_stm32l0xx.o
 .debug_abbrev  0x000000000000093d       0x12 ./Core/Startup/startup_stm32l073rztx.o
 .debug_abbrev  0x000000000000094f      0x29a ./Drivers/STM32L0xx_HAL_Driver/Src/stm32l0xx_hal.o
 .debug_abbrev  0x0000000000000be9      0x28e ./Drivers/STM32L0xx_HAL_Driver/Src/stm32l0xx_hal_cortex.o
 .debug_abbrev  0x0000000000000e77      0x1bb ./Drivers/STM32L0xx_HAL_Driver/Src/stm32l0xx_hal_gpio.o
 .debug_abbrev  0x0000000000001032      0x28e ./Drivers/STM32L0xx_HAL_Driver/Src/stm32l0xx_hal_rcc.o
 .debug_abbrev  0x00000000000012c0      0x260 ./Drivers/STM32L0xx_HAL_Driver/Src/stm32l0xx_hal_tim.o
 .debug_abbrev  0x0000000000001520       0xf2 ./Third Party/FreeRTOS/list.o
 .debug_abbrev  0x0000000000001612      0x2b6 ./Third Party/FreeRTOS/queue.o
 .debug_abbrev  0x00000000000018c8      0x313 ./Third Party/FreeRTOS/tasks.o
 .debug_abbrev  0x0000000000001bdb      0x2ae ./Third Party/FreeRTOS/timers.o
 .debug_abbrev  0x0000000000001e89      0x1ee ./Third Party/FreeRTOS/portable/GCC/ARM_CM0/port.o
 .debug_abbrev  0x0000000000002077      0x1ec ./Third Party/FreeRTOS/portable/MemMang/heap_4.o

.debug_aranges  0x0000000000000000      0xdb8
 .debug_aranges
                0x0000000000000000       0x50 ./Core/Src/main.o
 .debug_aranges
                0x0000000000000050       0x20 ./Core/Src/stm32l0xx_hal_msp.o
 .debug_aranges
                0x0000000000000070       0x30 ./Core/Src/stm32l0xx_hal_timebase_tim.o
 .debug_aranges
                0x00000000000000a0       0x30 ./Core/Src/stm32l0xx_it.o
 .debug_aranges
                0x00000000000000d0       0xa8 ./Core/Src/syscalls.o
 .debug_aranges
                0x0000000000000178       0x28 ./Core/Src/system_stm32l0xx.o
 .debug_aranges
                0x00000000000001a0       0x28 ./Core/Startup/startup_stm32l073rztx.o
 .debug_aranges
                0x00000000000001c8      0x110 ./Drivers/STM32L0xx_HAL_Driver/Src/stm32l0xx_hal.o
 .debug_aranges
                0x00000000000002d8       0xd8 ./Drivers/STM32L0xx_HAL_Driver/Src/stm32l0xx_hal_cortex.o
 .debug_aranges
                0x00000000000003b0       0x58 ./Drivers/STM32L0xx_HAL_Driver/Src/stm32l0xx_hal_gpio.o
 .debug_aranges
                0x0000000000000408       0x80 ./Drivers/STM32L0xx_HAL_Driver/Src/stm32l0xx_hal_rcc.o
 .debug_aranges
                0x0000000000000488      0x3d0 ./Drivers/STM32L0xx_HAL_Driver/Src/stm32l0xx_hal_tim.o
 .debug_aranges
                0x0000000000000858       0x40 ./Third Party/FreeRTOS/list.o
 .debug_aranges
                0x0000000000000898      0x140 ./Third Party/FreeRTOS/queue.o
 .debug_aranges
                0x00000000000009d8      0x200 ./Third Party/FreeRTOS/tasks.o
 .debug_aranges
                0x0000000000000bd8       0xf8 ./Third Party/FreeRTOS/timers.o
 .debug_aranges
                0x0000000000000cd0       0x88 ./Third Party/FreeRTOS/portable/GCC/ARM_CM0/port.o
 .debug_aranges
                0x0000000000000d58       0x60 ./Third Party/FreeRTOS/portable/MemMang/heap_4.o

.debug_ranges   0x0000000000000000      0xca0
 .debug_ranges  0x0000000000000000       0x40 ./Core/Src/main.o
 .debug_ranges  0x0000000000000040       0x10 ./Core/Src/stm32l0xx_hal_msp.o
 .debug_ranges  0x0000000000000050       0x20 ./Core/Src/stm32l0xx_hal_timebase_tim.o
 .debug_ranges  0x0000000000000070       0x20 ./Core/Src/stm32l0xx_it.o
 .debug_ranges  0x0000000000000090       0x98 ./Core/Src/syscalls.o
 .debug_ranges  0x0000000000000128       0x18 ./Core/Src/system_stm32l0xx.o
 .debug_ranges  0x0000000000000140       0x20 ./Core/Startup/startup_stm32l073rztx.o
 .debug_ranges  0x0000000000000160      0x100 ./Drivers/STM32L0xx_HAL_Driver/Src/stm32l0xx_hal.o
 .debug_ranges  0x0000000000000260       0xc8 ./Drivers/STM32L0xx_HAL_Driver/Src/stm32l0xx_hal_cortex.o
 .debug_ranges  0x0000000000000328       0x48 ./Drivers/STM32L0xx_HAL_Driver/Src/stm32l0xx_hal_gpio.o
 .debug_ranges  0x0000000000000370       0x70 ./Drivers/STM32L0xx_HAL_Driver/Src/stm32l0xx_hal_rcc.o
 .debug_ranges  0x00000000000003e0      0x3c0 ./Drivers/STM32L0xx_HAL_Driver/Src/stm32l0xx_hal_tim.o
 .debug_ranges  0x00000000000007a0       0x30 ./Third Party/FreeRTOS/list.o
 .debug_ranges  0x00000000000007d0      0x130 ./Third Party/FreeRTOS/queue.o
 .debug_ranges  0x0000000000000900      0x1f0 ./Third Party/FreeRTOS/tasks.o
 .debug_ranges  0x0000000000000af0       0xe8 ./Third Party/FreeRTOS/timers.o
 .debug_ranges  0x0000000000000bd8       0x78 ./Third Party/FreeRTOS/portable/GCC/ARM_CM0/port.o
 .debug_ranges  0x0000000000000c50       0x50 ./Third Party/FreeRTOS/portable/MemMang/heap_4.o

.debug_macro    0x0000000000000000    0x16c69
 .debug_macro   0x0000000000000000      0x395 ./Core/Src/main.o
 .debug_macro   0x0000000000000395      0xa4e ./Core/Src/main.o
 .debug_macro   0x0000000000000de3      0x11f ./Core/Src/main.o
 .debug_macro   0x0000000000000f02       0x2e ./Core/Src/main.o
 .debug_macro   0x0000000000000f30       0x28 ./Core/Src/main.o
 .debug_macro   0x0000000000000f58       0x22 ./Core/Src/main.o
 .debug_macro   0x0000000000000f7a       0x8e ./Core/Src/main.o
 .debug_macro   0x0000000000001008       0x51 ./Core/Src/main.o
 .debug_macro   0x0000000000001059      0x103 ./Core/Src/main.o
 .debug_macro   0x000000000000115c       0x6a ./Core/Src/main.o
 .debug_macro   0x00000000000011c6      0x1df ./Core/Src/main.o
 .debug_macro   0x00000000000013a5       0x1c ./Core/Src/main.o
 .debug_macro   0x00000000000013c1       0x22 ./Core/Src/main.o
 .debug_macro   0x00000000000013e3       0xaf ./Core/Src/main.o
 .debug_macro   0x0000000000001492      0x4da ./Core/Src/main.o
 .debug_macro   0x000000000000196c      0x11f ./Core/Src/main.o
 .debug_macro   0x0000000000001a8b     0xa453 ./Core/Src/main.o
 .debug_macro   0x000000000000bede       0x66 ./Core/Src/main.o
 .debug_macro   0x000000000000bf44     0x3590 ./Core/Src/main.o
 .debug_macro   0x000000000000f4d4      0x174 ./Core/Src/main.o
 .debug_macro   0x000000000000f648       0x5c ./Core/Src/main.o
 .debug_macro   0x000000000000f6a4      0x8ea ./Core/Src/main.o
 .debug_macro   0x000000000000ff8e      0xbb4 ./Core/Src/main.o
 .debug_macro   0x0000000000010b42      0x197 ./Core/Src/main.o
 .debug_macro   0x0000000000010cd9      0x13f ./Core/Src/main.o
 .debug_macro   0x0000000000010e18      0x1d1 ./Core/Src/main.o
 .debug_macro   0x0000000000010fe9       0x82 ./Core/Src/main.o
 .debug_macro   0x000000000001106b      0x28e ./Core/Src/main.o
 .debug_macro   0x00000000000112f9      0x1e9 ./Core/Src/main.o
 .debug_macro   0x00000000000114e2      0x13d ./Core/Src/main.o
 .debug_macro   0x000000000001161f      0x4ac ./Core/Src/main.o
 .debug_macro   0x0000000000011acb      0x22c ./Core/Src/main.o
 .debug_macro   0x0000000000011cf7       0x5b ./Core/Src/main.o
 .debug_macro   0x0000000000011d52       0xa5 ./Core/Src/main.o
 .debug_macro   0x0000000000011df7      0x186 ./Core/Src/main.o
 .debug_macro   0x0000000000011f7d       0x16 ./Core/Src/main.o
 .debug_macro   0x0000000000011f93      0x788 ./Core/Src/main.o
 .debug_macro   0x000000000001271b       0xfc ./Core/Src/main.o
 .debug_macro   0x0000000000012817      0x1a2 ./Core/Src/main.o
 .debug_macro   0x00000000000129b9       0x58 ./Core/Src/main.o
 .debug_macro   0x0000000000012a11       0x52 ./Core/Src/main.o
 .debug_macro   0x0000000000012a63       0x18 ./Core/Src/main.o
 .debug_macro   0x0000000000012a7b       0x3c ./Core/Src/main.o
 .debug_macro   0x0000000000012ab7       0x34 ./Core/Src/main.o
 .debug_macro   0x0000000000012aeb       0x16 ./Core/Src/main.o
 .debug_macro   0x0000000000012b01       0x35 ./Core/Src/main.o
 .debug_macro   0x0000000000012b36      0x341 ./Core/Src/main.o
 .debug_macro   0x0000000000012e77       0x10 ./Core/Src/main.o
 .debug_macro   0x0000000000012e87       0x16 ./Core/Src/main.o
 .debug_macro   0x0000000000012e9d       0x43 ./Core/Src/main.o
 .debug_macro   0x0000000000012ee0       0x34 ./Core/Src/main.o
 .debug_macro   0x0000000000012f14       0x10 ./Core/Src/main.o
 .debug_macro   0x0000000000012f24       0x58 ./Core/Src/main.o
 .debug_macro   0x0000000000012f7c       0x71 ./Core/Src/main.o
 .debug_macro   0x0000000000012fed       0x1c ./Core/Src/main.o
 .debug_macro   0x0000000000013009      0x12a ./Core/Src/main.o
 .debug_macro   0x0000000000013133       0x10 ./Core/Src/main.o
 .debug_macro   0x0000000000013143       0x1c ./Core/Src/main.o
 .debug_macro   0x000000000001315f       0x52 ./Core/Src/main.o
 .debug_macro   0x00000000000131b1       0x22 ./Core/Src/main.o
 .debug_macro   0x00000000000131d3       0x10 ./Core/Src/main.o
 .debug_macro   0x00000000000131e3       0x52 ./Core/Src/main.o
 .debug_macro   0x0000000000013235       0xd5 ./Core/Src/main.o
 .debug_macro   0x000000000001330a       0x1c ./Core/Src/main.o
 .debug_macro   0x0000000000013326       0x3d ./Core/Src/main.o
 .debug_macro   0x0000000000013363       0x16 ./Core/Src/main.o
 .debug_macro   0x0000000000013379      0x145 ./Core/Src/main.o
 .debug_macro   0x00000000000134be      0x1a9 ./Core/Src/main.o
 .debug_macro   0x0000000000013667      0x15a ./Core/Src/main.o
 .debug_macro   0x00000000000137c1       0xb8 ./Core/Src/main.o
 .debug_macro   0x0000000000013879       0x28 ./Core/Src/main.o
 .debug_macro   0x00000000000138a1       0x1f ./Core/Src/main.o
 .debug_macro   0x00000000000138c0       0x12 ./Core/Src/main.o
 .debug_macro   0x00000000000138d2      0x503 ./Core/Src/main.o
 .debug_macro   0x0000000000013dd5       0xc3 ./Core/Src/main.o
 .debug_macro   0x0000000000013e98      0x120 ./Core/Src/main.o
 .debug_macro   0x0000000000013fb8      0x1c9 ./Core/Src/stm32l0xx_hal_msp.o
 .debug_macro   0x0000000000014181      0x1ba ./Core/Src/stm32l0xx_hal_timebase_tim.o
 .debug_macro   0x000000000001433b      0x1d3 ./Core/Src/stm32l0xx_it.o
 .debug_macro   0x000000000001450e      0x24c ./Core/Src/syscalls.o
 .debug_macro   0x000000000001475a       0x4c ./Core/Src/syscalls.o
 .debug_macro   0x00000000000147a6       0x94 ./Core/Src/syscalls.o
 .debug_macro   0x000000000001483a       0x57 ./Core/Src/syscalls.o
 .debug_macro   0x0000000000014891       0x10 ./Core/Src/syscalls.o
 .debug_macro   0x00000000000148a1       0x10 ./Core/Src/syscalls.o
 .debug_macro   0x00000000000148b1       0x10 ./Core/Src/syscalls.o
 .debug_macro   0x00000000000148c1       0x35 ./Core/Src/syscalls.o
 .debug_macro   0x00000000000148f6      0x12c ./Core/Src/syscalls.o
 .debug_macro   0x0000000000014a22       0x16 ./Core/Src/syscalls.o
 .debug_macro   0x0000000000014a38       0x16 ./Core/Src/syscalls.o
 .debug_macro   0x0000000000014a4e       0x29 ./Core/Src/syscalls.o
 .debug_macro   0x0000000000014a77       0x10 ./Core/Src/syscalls.o
 .debug_macro   0x0000000000014a87      0x241 ./Core/Src/syscalls.o
 .debug_macro   0x0000000000014cc8       0x1c ./Core/Src/syscalls.o
 .debug_macro   0x0000000000014ce4       0x10 ./Core/Src/syscalls.o
 .debug_macro   0x0000000000014cf4      0x189 ./Core/Src/syscalls.o
 .debug_macro   0x0000000000014e7d       0x16 ./Core/Src/syscalls.o
 .debug_macro   0x0000000000014e93       0xce ./Core/Src/syscalls.o
 .debug_macro   0x0000000000014f61      0x1ba ./Core/Src/system_stm32l0xx.o
 .debug_macro   0x000000000001511b      0x1de ./Drivers/STM32L0xx_HAL_Driver/Src/stm32l0xx_hal.o
 .debug_macro   0x00000000000152f9      0x1ba ./Drivers/STM32L0xx_HAL_Driver/Src/stm32l0xx_hal_cortex.o
 .debug_macro   0x00000000000154b3      0x1c1 ./Drivers/STM32L0xx_HAL_Driver/Src/stm32l0xx_hal_gpio.o
 .debug_macro   0x0000000000015674      0x1f0 ./Drivers/STM32L0xx_HAL_Driver/Src/stm32l0xx_hal_rcc.o
 .debug_macro   0x0000000000015864      0x1bb ./Drivers/STM32L0xx_HAL_Driver/Src/stm32l0xx_hal_tim.o
 .debug_macro   0x0000000000015a1f      0x25f ./Third Party/FreeRTOS/list.o
 .debug_macro   0x0000000000015c7e      0x2f6 ./Third Party/FreeRTOS/queue.o
 .debug_macro   0x0000000000015f74       0x16 ./Third Party/FreeRTOS/queue.o
 .debug_macro   0x0000000000015f8a       0x20 ./Third Party/FreeRTOS/queue.o
 .debug_macro   0x0000000000015faa       0x80 ./Third Party/FreeRTOS/queue.o
 .debug_macro   0x000000000001602a      0x34b ./Third Party/FreeRTOS/tasks.o
 .debug_macro   0x0000000000016375       0x17 ./Third Party/FreeRTOS/tasks.o
 .debug_macro   0x000000000001638c      0x2ae ./Third Party/FreeRTOS/timers.o
 .debug_macro   0x000000000001663a       0x97 ./Third Party/FreeRTOS/timers.o
 .debug_macro   0x00000000000166d1      0x2b8 ./Third Party/FreeRTOS/portable/GCC/ARM_CM0/port.o
 .debug_macro   0x0000000000016989      0x2e0 ./Third Party/FreeRTOS/portable/MemMang/heap_4.o

.debug_line     0x0000000000000000     0xebe5
 .debug_line    0x0000000000000000      0xbd2 ./Core/Src/main.o
 .debug_line    0x0000000000000bd2      0x6c6 ./Core/Src/stm32l0xx_hal_msp.o
 .debug_line    0x0000000000001298      0x735 ./Core/Src/stm32l0xx_hal_timebase_tim.o
 .debug_line    0x00000000000019cd      0x705 ./Core/Src/stm32l0xx_it.o
 .debug_line    0x00000000000020d2      0x7fe ./Core/Src/syscalls.o
 .debug_line    0x00000000000028d0      0x777 ./Core/Src/system_stm32l0xx.o
 .debug_line    0x0000000000003047       0x89 ./Core/Startup/startup_stm32l073rztx.o
 .debug_line    0x00000000000030d0      0xa1a ./Drivers/STM32L0xx_HAL_Driver/Src/stm32l0xx_hal.o
 .debug_line    0x0000000000003aea      0xaf8 ./Drivers/STM32L0xx_HAL_Driver/Src/stm32l0xx_hal_cortex.o
 .debug_line    0x00000000000045e2      0xabd ./Drivers/STM32L0xx_HAL_Driver/Src/stm32l0xx_hal_gpio.o
 .debug_line    0x000000000000509f      0xea6 ./Drivers/STM32L0xx_HAL_Driver/Src/stm32l0xx_hal_rcc.o
 .debug_line    0x0000000000005f45     0x2f1f ./Drivers/STM32L0xx_HAL_Driver/Src/stm32l0xx_hal_tim.o
 .debug_line    0x0000000000008e64      0x8be ./Third Party/FreeRTOS/list.o
 .debug_line    0x0000000000009722     0x1594 ./Third Party/FreeRTOS/queue.o
 .debug_line    0x000000000000acb6     0x1cef ./Third Party/FreeRTOS/tasks.o
 .debug_line    0x000000000000c9a5      0xd99 ./Third Party/FreeRTOS/timers.o
 .debug_line    0x000000000000d73e      0x993 ./Third Party/FreeRTOS/portable/GCC/ARM_CM0/port.o
 .debug_line    0x000000000000e0d1      0xb14 ./Third Party/FreeRTOS/portable/MemMang/heap_4.o

.debug_str      0x0000000000000000    0x89e1c
 .debug_str     0x0000000000000000    0x82b7b ./Core/Src/main.o
                                      0x82f46 (size before relaxing)
 .debug_str     0x0000000000082b7b       0x2c ./Core/Src/stm32l0xx_hal_msp.o
                                      0x799ff (size before relaxing)
 .debug_str     0x0000000000082ba7      0x29f ./Core/Src/stm32l0xx_hal_timebase_tim.o
                                      0x7a0e4 (size before relaxing)
 .debug_str     0x0000000000082e46       0x5e ./Core/Src/stm32l0xx_it.o
                                      0x79e60 (size before relaxing)
 .debug_str     0x0000000000082ea4     0x15e3 ./Core/Src/syscalls.o
                                       0x89a1 (size before relaxing)
 .debug_str     0x0000000000084487       0x99 ./Core/Src/system_stm32l0xx.o
                                      0x7994e (size before relaxing)
 .debug_str     0x0000000000084520       0x36 ./Core/Startup/startup_stm32l073rztx.o
                                         0xa3 (size before relaxing)
 .debug_str     0x0000000000084556      0x44f ./Drivers/STM32L0xx_HAL_Driver/Src/stm32l0xx_hal.o